Caves and Scrolls level decompiler.(c)2024 Chris Busch

         0 STR:**TI85**
FOUND: 0 '**TI85**'

         8 HEX:1A 0C 00 
        11 STR:Machine code stored as a string.       ZS4
FOUND: 1 'Machine code stored as a string.       ZS4'

        53 HEX:CB 05 0A 00 BD 05 0C 06 
        61 STR:aliens
FOUND: 2 'aliens'

FOUND COMMENT:'aliens'

        67 HEX:BD 05 BB 05 00 FD 0C 
        74 STR:aliens   LVL
FOUND: 3 'aliens   LVL'

86 Will look for levelandnum at 108

$T="aliens   LVL";ZShell name

        86 HEX:00 
        87 STR:*<
        89 HEX:8C 11 07 01 19 
        94 STR:"
        95 HEX:E2 80 
        97 STR:*<
        99 HEX:8C 11 B7 01 19 
       104 STR:"
       105 HEX:DF 80 
       107 STR:*<
       109 HEX:8C 11 06 01 
Finding random trees setting:25
19 
       114 STR:~2
       116 HEX:E1 80 CD 09 8C 08 
       122 STR:!
       123 HEX:02 00 11 C6 00 CD 0F 8C A1 00 CD BE 01 FE 00 
       138 STR:(
       139 HEX:F9 CD 0F 8C 
       143 STR:H
       144 HEX:00 C9 11 BD 00 
       149 STR:*<
       151 HEX:8C 19 
       153 STR:~<<G
FOUND: 4 '~<<G'

       157 HEX:11 83 80 
       160 STR:~
       161 HEX:12 13 
       163 STR:#
       164 HEX:10 FA D7 
       167 STR:8$*<
FOUND: 5 '8$*<'

       171 HEX:8C E5 
       173 STR:!
       174 HEX:05 00 19 
       177 STR:"<
       179 HEX:8C 11 0E 00 19 
       184 STR:~
       185 HEX:FE 
       186 STR:v(
       188 HEX:06 E1 
       190 STR:"<
       192 HEX:8C 18 0A CD 0F 8C 0E 00 E1 
       201 STR:"<
       203 HEX:8C C9 
       205 STR:!
       206 HEX:06 00 11 B6 00 CD 0F 8C A1 00 
       216 STR:!
       217 HEX:07 00 11 BE 00 CD 0F 8C A1 00 CD BE 01 FE 00 
       232 STR:(
       233 HEX:F9 C9 
       235 STR:"
       236 HEX:0C 80 
       238 STR:*<
       240 HEX:8C 19 CD 09 8C 0B C9 ED 
       248 STR:C
       249 HEX:0C 80 CD 09 8C 09 C9 
       256 STR:NEEDS:
FOUND: 6 'NEEDS:'

       262 HEX:00 07 
       264 STR:SENGINE
Scrolls level detected.

FOUND: 7 'SENGINE'

       271 HEX:00 
       272 STR:Aliens v1.0 by MM    Scrolls LVL - C BuschLVL v2.0     (C) 1996
Found 'Aliens v1.0 by MM    Scrolls LVL - C BuschLVL v2.0     (C) 1996' at 334
$S="Aliens v1.0 by MM    "  ;Story Title
$A="Scrolls LVL - C Busch"  ;
$P="LVL v2.0     (C)"  ;high score line

FOUND: 8 'Aliens v1.0 by MM    Scrolls LVL - C BuschLVL v2.0     (C) 1996'

       335 HEX:00 01 
#.0  ;blank PIC 0
       337 BIN:........b 00h   0d
       338 BIN:........b 00h   0d
       339 BIN:........b 00h   0d
       340 BIN:........b 00h   0d
       341 BIN:........b 00h   0d
       342 BIN:........b 00h   0d
       343 BIN:........b 00h   0d
       344 BIN:........b 00h   0d

#P0  ;Player PIC 1
       345 BIN:...XX..Xb 19h  25d
       346 BIN:..X..X.Xb 25h  37d
       347 BIN:..X..X.Xb 25h  37d
       348 BIN:...XX..Xb 19h  25d
       349 BIN:.XXXXXXXb 7Fh 127d
       350 BIN:...XX.XXb 1Bh  27d
       351 BIN:..X..XXXb 27h  39d
       352 BIN:.XX..XX.b 66h 102d

#M0  ;patrolling Monster PIC 2
       353 BIN:..XXX...b 38h  56d
       354 BIN:.X...X..b 44h  68d
       355 BIN:XXX.XXX.b EEh 238d
       356 BIN:XXX.XXX.b EEh 238d
       357 BIN:.XX.XX..b 6Ch 108d
       358 BIN:.XX.XX..b 6Ch 108d
       359 BIN:X..X..X.b 92h 146d
       360 BIN:X.....X.b 82h 130d

#m0  ;seeker monster PIC 3
       361 BIN:........b 00h   0d
       362 BIN:........b 00h   0d
       363 BIN:...XX...b 18h  24d
       364 BIN:..X..X..b 24h  36d
       365 BIN:.XXXXXX.b 7Eh 126d
       366 BIN:X.X.X.XXb ABh 171d
       367 BIN:.XXXXXX.b 7Eh 126d
       368 BIN:........b 00h   0d

#c0  ;coin PIC 4
       369 BIN:........b 00h   0d
       370 BIN:.XXXXXX.b 7Eh 126d
       371 BIN:.X....X.b 42h  66d
       372 BIN:.X.XX.X.b 5Ah  90d
       373 BIN:.X.XX.X.b 5Ah  90d
       374 BIN:.X....X.b 42h  66d
       375 BIN:.XXXXXX.b 7Eh 126d
       376 BIN:........b 00h   0d

#s0  ;scroll PIC 5
       377 BIN:XXXXXXXXb FFh 255d
       378 BIN:X...X..Xb 89h 137d
       379 BIN:X.X...XXb A3h 163d
       380 BIN:X...X..Xb 89h 137d
       381 BIN:X......Xb 81h 129d
       382 BIN:X.X..X.Xb A5h 165d
       383 BIN:X...X..Xb 89h 137d
       384 BIN:XXXXXXXXb FFh 255d

#f0  ;fire PIC 6
       385 BIN:..XXX...b 38h  56d
       386 BIN:...X....b 10h  16d
       387 BIN:.XXXXX..b 7Ch 124d
       388 BIN:..X.X...b 28h  40d
       389 BIN:..X.X...b 28h  40d
       390 BIN:..X.X...b 28h  40d
       391 BIN:...X....b 10h  16d
       392 BIN:...X....b 10h  16d

#F0  ;bomb PIC 7
       393 BIN:....XX..b 0Ch  12d
       394 BIN:...XX.X.b 1Ah  26d
       395 BIN:...X.XXXb 17h  23d
       396 BIN:..XXXX..b 3Ch  60d
       397 BIN:..XXX...b 38h  56d
       398 BIN:..XXX...b 38h  56d
       399 BIN:..XXX...b 38h  56d
       400 BIN:..XXX...b 38h  56d

#B0  ;bullet PIC 8
       401 BIN:........b 00h   0d
       402 BIN:........b 00h   0d
       403 BIN:XXXXXXX.b FEh 254d
       404 BIN:X....X.Xb 85h 133d
       405 BIN:XXXXXXX.b FEh 254d
       406 BIN:........b 00h   0d
       407 BIN:........b 00h   0d
       408 BIN:........b 00h   0d

#S0  ;splat PIC 9
       409 BIN:........b 00h   0d
       410 BIN:...XX...b 18h  24d
       411 BIN:.X.XXX..b 5Ch  92d
       412 BIN:X.X.X.X.b AAh 170d
       413 BIN:.X.X.X.Xb 55h  85d
       414 BIN:X.X.X.XXb ABh 171d
       415 BIN:.XXX.XX.b 76h 118d
       416 BIN:...XX...b 18h  24d

#t0  ;tree PIC 10
       417 BIN:..X..X..b 24h  36d
       418 BIN:..XX.XX.b 36h  54d
       419 BIN:..XX.XX.b 36h  54d
       420 BIN:..XX..X.b 32h  50d
       421 BIN:X.X...XXb A3h 163d
       422 BIN:.XXXX.X.b 7Ah 122d
       423 BIN:..X.....b 20h  32d
       424 BIN:..X.....b 20h  32d

#b0  ;brick PIC 11
       425 BIN:XXXXXXXXb FFh 255d
       426 BIN:XX....XXb C3h 195d
       427 BIN:X.X..X.Xb A5h 165d
       428 BIN:X..XX..Xb 99h 153d
       429 BIN:X..XX..Xb 99h 153d
       430 BIN:X.X..X.Xb A5h 165d
       431 BIN:XX....XXb C3h 195d
       432 BIN:XXXXXXXXb FFh 255d

#D0  ;door PIC 12
       433 BIN:..XXXX..b 3Ch  60d
       434 BIN:.X....X.b 42h  66d
       435 BIN:X......Xb 81h 129d
       436 BIN:X....X.Xb 85h 133d
       437 BIN:X....X.Xb 85h 133d
       438 BIN:X......Xb 81h 129d
       439 BIN:.X....X.b 42h  66d
       440 BIN:..XXXX..b 3Ch  60d

#k0  ;key PIC 13
       441 BIN:...XX...b 18h  24d
       442 BIN:...X....b 10h  16d
       443 BIN:...XX...b 18h  24d
       444 BIN:...X....b 10h  16d
       445 BIN:..XXX...b 38h  56d
       446 BIN:..XXX...b 38h  56d
       447 BIN:...XX...b 18h  24d
       448 BIN:........b 00h   0d

#.1  ;blank PIC 14
       449 BIN:........b 00h   0d
       450 BIN:........b 00h   0d
       451 BIN:........b 00h   0d
       452 BIN:........b 00h   0d
       453 BIN:........b 00h   0d
       454 BIN:........b 00h   0d
       455 BIN:........b 00h   0d
       456 BIN:........b 00h   0d

#P1  ;Player PIC 15
       457 BIN:...XX...b 18h  24d
       458 BIN:..X..X..b 24h  36d
       459 BIN:..X..X..b 24h  36d
       460 BIN:...XX...b 18h  24d
       461 BIN:.XXXXXX.b 7Eh 126d
       462 BIN:...XX...b 18h  24d
       463 BIN:..X..X..b 24h  36d
       464 BIN:.XX..XX.b 66h 102d

#M1  ;patrolling Monster PIC 16
       465 BIN:..XXX...b 38h  56d
       466 BIN:.X...X..b 44h  68d
       467 BIN:X.....X.b 82h 130d
       468 BIN:X.....X.b 82h 130d
       469 BIN:.X....X.b 42h  66d
       470 BIN:.XX.XX..b 6Ch 108d
       471 BIN:X..X..X.b 92h 146d
       472 BIN:X.....X.b 82h 130d

#m1  ;seeker monster PIC 17
       473 BIN:........b 00h   0d
       474 BIN:........b 00h   0d
       475 BIN:...XX...b 18h  24d
       476 BIN:..X..X..b 24h  36d
       477 BIN:.XXXXXX.b 7Eh 126d
       478 BIN:XX.X.X.Xb D5h 213d
       479 BIN:.XXXXXX.b 7Eh 126d
       480 BIN:........b 00h   0d

#c1  ;coin PIC 18
       481 BIN:........b 00h   0d
       482 BIN:........b 00h   0d
       483 BIN:..XXXX..b 3Ch  60d
       484 BIN:..X..X..b 24h  36d
       485 BIN:..X..X..b 24h  36d
       486 BIN:..XXXX..b 3Ch  60d
       487 BIN:........b 00h   0d
       488 BIN:........b 00h   0d

#s1  ;scroll PIC 19
       489 BIN:XXXXXXXXb FFh 255d
       490 BIN:X.X....Xb A1h 161d
       491 BIN:XX...X.Xb C5h 197d
       492 BIN:X..X...Xb 91h 145d
       493 BIN:X....X.Xb 85h 133d
       494 BIN:XX.X...Xb D1h 209d
       495 BIN:X..X...Xb 91h 145d
       496 BIN:XXXXXXXXb FFh 255d

#f1  ;fire PIC 20
       497 BIN:........b 00h   0d
       498 BIN:..XXX...b 38h  56d
       499 BIN:.XXXXX..b 7Ch 124d
       500 BIN:..X.X...b 28h  40d
       501 BIN:..X.X...b 28h  40d
       502 BIN:..X.X...b 28h  40d
       503 BIN:...X....b 10h  16d
       504 BIN:...X....b 10h  16d

#F1  ;bomb PIC 21
       505 BIN:........b 00h   0d
       506 BIN:...X....b 10h  16d
       507 BIN:...X....b 10h  16d
       508 BIN:..XXX...b 38h  56d
       509 BIN:..XXX...b 38h  56d
       510 BIN:..XXX...b 38h  56d
       511 BIN:..XXX...b 38h  56d
       512 BIN:..XXX...b 38h  56d

LEVEL 1

       513 LVL:X...............................
       529 LVL:................................
       545 LVL:................................
       561 LVL:................................
       577 LVL:..................f.............
       593 LVL:..........t.....................
       609 LVL:................................
       625 LVL:................................
       641 LVL:................................
       657 LVL:...f............................
       673 LVL:............f...................
       689 LVL:.....................t..........
       705 LVL:................................
       721 LVL:................................
       737 LVL:...........bbbbbbbbbb...........
       753 LVL:.........bb....t.....bb.........
       769 LVL:........b......t......sb.......f
       785 LVL:........b.S....t.......b.......f
       801 LVL:.....bbbbbDbbbbbbbbbbbbbbbb.....
       817 LVL:..bbb..........bDDcccccccccbbb..
       833 LVL:.bkkk....fff...bDbccccccccccckbB
       849 LVL:..bbb.........mDDbcccFcccccbbbkk
       865 LVL:.....bbbbbDbbbbbbbbbbDbbbbbk....
       881 LVL:................................
       897 LVL:................................
       913 LVL:................................
       929 LVL:..................f.............
       945 LVL:..........t.....................
       961 LVL:................................
       977 LVL:....t................t..........
       993 LVL:................................
      1009 LVL:................................
LEVEL 2

      1025 LVL:X...bMbbbb.bbbbbbbbbbbbbbbbb.S.S
      1041 LVL:...kbsfffbkb...............bS.S.
      1057 LVL:bbDbbMbbfbDb...............bbbbb
      1073 LVL:..m....ffbfb...................b
      1089 LVL:.......ffb.....................b
      1105 LVL:.......ffb.....................b
      1121 LVL:.......ffb.....................b
      1137 LVL:.......ffb.....................b
      1153 LVL:.......ffb.....................b
      1169 LVL:.......ffb.....................b
      1185 LVL:.......ffb.....................b
      1201 LVL:.......ffb.....................b
      1217 LVL:.......ffb.....................b
      1233 LVL:.......ffb.....................b
      1249 LVL:.......ffb.....................b
      1265 LVL:.......ffb.....................b
      1281 LVL:.......ffb.....................b
      1297 LVL:.......ffb.....................b
      1313 LVL:.......ffb.....................b
      1329 LVL:.......ffb.....................b
      1345 LVL:.......ffb.....................b
      1361 LVL:.......ffDcccccccccccccccccccccb
      1377 LVL:.......ffbccccccccccccccccccbbbb
      1393 LVL:.........bccccccccccccccccccbffb
      1409 LVL:.bbbbbbbbbccccccccccccccccccbfbb
      1425 LVL:.bf......bccccccccccccccccccbfbk
      1441 LVL:.b.b.....bcccccccccccckcccccbfbk
      1457 LVL:.b.bkccckbccccccccccccccccccbfbk
      1473 LVL:.b.bbbbDbbbbbcccccccccccccccbfbk
      1489 LVL:bbDbb.......bbbbbbbbbbbbbbbbbDbb
      1505 LVL:....bbbbb...b..............bcccc
      1521 LVL:....bcccccccb..............bcccc
LEVEL 3

      1537 LVL:XPsb.fWARNING TOO MUCH DATA NEAR END

      1539 END!