Caves and Scrolls level decompiler.

         0 STR:**TI85**
FOUND: 0 '**TI85**'

         8 HEX:1A 0C 00 
        11 STR:Machine code stored as a string.       ZS4
FOUND: 1 'Machine code stored as a string.       ZS4'

        53 HEX:17 06 05 00 0E 06 0C 01 
        61 STR:q
        62 HEX:0E 06 0C 06 00 FD 0C 
        69 STR:PocMan   LVL
FOUND: 2 'PocMan   LVL'

FOUND COMMENT:'PocMan   LVL'

        81 HEX:00 
        82 STR:*<
        84 HEX:8C 11 
        86 STR:X
        87 HEX:01 19 
        89 STR:"
        90 HEX:E2 80 
        92 STR:*<
        94 HEX:8C 11 08 02 19 
        99 STR:"
       100 HEX:DF 80 
       102 STR:>
       103 HEX:01 
       104 STR:2
       105 HEX:E1 80 
       107 STR:>
       108 HEX:01 
       109 STR:2
       110 HEX:E4 80 
       112 STR:!
       113 HEX:00 00 
       115 STR:"y
       117 HEX:81 CD 09 8C 08 
       122 STR:!
       123 HEX:02 00 11 03 01 CD 0F 8C DE 00 CD BE 01 FE 00 
       138 STR:(
       139 HEX:F9 CD 0F 8C 85 00 DD 
       146 STR:*<
       148 HEX:8C 11 
       150 STR:,
       151 HEX:00 DD 19 DD 
       155 STR:n
       156 HEX:00 DD 
       158 STR:f
       159 HEX:01 ED 
       161 STR:[y
       163 HEX:81 CD 8E 00 D0 DD 
       169 STR:s
       170 HEX:00 DD 
       172 STR:r
       173 HEX:01 
       174 STR::k
       176 HEX:8A B7 
       178 STR:(
       179 HEX:10 
       180 STR:*<
       182 HEX:8C 11 
       184 STR:=
       185 HEX:01 19 11 
       188 STR:k
       189 HEX:8A EB 01 03 00 ED B0 
       196 STR:!@
       198 HEX:8C CB C6 C9 11 FA 00 
       205 STR:*<
       207 HEX:8C 19 
       209 STR:~<<G
FOUND: 3 '~<<G'

213 Will look for levelandnum at 235

$T="~<<G";ZShell name

       213 HEX:11 83 80 
       216 STR:~
       217 HEX:12 13 
       219 STR:#
       220 HEX:10 FA D7 
       223 STR:8$*<
FOUND: 4 '8$*<'

       227 HEX:8C E5 
       229 STR:!
       230 HEX:05 00 19 
       233 STR:"<141 ;number of levels

       235 HEX:8C 11 0E 00 19 
       240 STR:~
       241 HEX:FE 
       242 STR:v(
       244 HEX:06 E1 
       246 STR:"<
       248 HEX:8C 18 0A CD 0F 8C 0E 00 E1 
       257 STR:"<
       259 HEX:8C C9 
       261 STR:!
       262 HEX:06 00 11 F3 00 CD 0F 8C DE 00 
       272 STR:!
       273 HEX:07 00 11 FB 00 CD 0F 8C DE 00 CD BE 01 FE 00 
       288 STR:(
       289 HEX:F9 C9 
       291 STR:"
       292 HEX:0C 80 
       294 STR:*<
       296 HEX:8C 19 CD 09 8C 0B C9 ED 
       304 STR:C
       305 HEX:0C 80 CD 09 8C 09 C9 
       312 STR:NEEDS:
FOUND: 5 'NEEDS:'

       318 HEX:00 07 
       320 STR:SENGINE
FOUND: 6 'SENGINE'

       327 HEX:00 
       328 STR:       PocMan          Save your friend!   The  hero  is  you. SLVL4.0(C)1996 CBusch
Found '       PocMan          Save your friend!   The  hero  is  you. SLVL4.0(C)1996 CBusch' at 411
$S="       PocMan        "  ;Story Title
$A="  Save your friend!  "  ;
$P=" The  hero  is  "  ;high score line

FOUND: 7 '       PocMan          Save your friend!   The  hero  is  you. SLVL4.0(C)1996 CBusch'

       412 HEX:00 
#.0  ;blank PIC 0
       413 BIN:........b 00h   0d
       414 BIN:........b 00h   0d
       415 BIN:........b 00h   0d
       416 BIN:........b 00h   0d
       417 BIN:........b 00h   0d
       418 BIN:........b 00h   0d
       419 BIN:........b 00h   0d
       420 BIN:........b 00h   0d

#P0  ;Player PIC 1
       421 BIN:........b 00h   0d
       422 BIN:..XXXX..b 3Ch  60d
       423 BIN:.X.XX.X.b 5Ah  90d
       424 BIN:.XXXXXX.b 7Eh 126d
       425 BIN:.X....X.b 42h  66d
       426 BIN:.X....X.b 42h  66d
       427 BIN:..XXXX..b 3Ch  60d
       428 BIN:........b 00h   0d

#M0  ;patrolling Monster PIC 2
       429 BIN:........b 00h   0d
       430 BIN:..XXXX..b 3Ch  60d
       431 BIN:.X.XX.X.b 5Ah  90d
       432 BIN:.XXXXXX.b 7Eh 126d
       433 BIN:.X....X.b 42h  66d
       434 BIN:.XXXXXX.b 7Eh 126d
       435 BIN:.X.X.X..b 54h  84d
       436 BIN:........b 00h   0d

#m0  ;seeker monster PIC 3
       437 BIN:........b 00h   0d
       438 BIN:..XXXX..b 3Ch  60d
       439 BIN:.XXXXXX.b 7Eh 126d
       440 BIN:.X.XX.X.b 5Ah  90d
       441 BIN:.XXXXXX.b 7Eh 126d
       442 BIN:.XXXXXX.b 7Eh 126d
       443 BIN:.X.X.X..b 54h  84d
       444 BIN:........b 00h   0d

#c0  ;coin PIC 4
       445 BIN:........b 00h   0d
       446 BIN:........b 00h   0d
       447 BIN:...XX...b 18h  24d
       448 BIN:..X.XX..b 2Ch  44d
       449 BIN:..XXXX..b 3Ch  60d
       450 BIN:...XX...b 18h  24d
       451 BIN:........b 00h   0d
       452 BIN:........b 00h   0d

#s0  ;scroll PIC 5
       453 BIN:..X.X...b 28h  40d
       454 BIN:...X....b 10h  16d
       455 BIN:..XXX...b 38h  56d
       456 BIN:.X.X.X..b 54h  84d
       457 BIN:.XXXXX..b 7Ch 124d
       458 BIN:.XX.XX..b 6Ch 108d
       459 BIN:..XXX...b 38h  56d
       460 BIN:........b 00h   0d

#f0  ;fire PIC 6
       461 BIN:........b 00h   0d
       462 BIN:...X....b 10h  16d
       463 BIN:..XXX...b 38h  56d
       464 BIN:.XX.XX..b 6Ch 108d
       465 BIN:.XXXXX..b 7Ch 124d
       466 BIN:..XXX...b 38h  56d
       467 BIN:........b 00h   0d
       468 BIN:........b 00h   0d

#F0  ;bomb PIC 7
       469 BIN:........b 00h   0d
       470 BIN:........b 00h   0d
       471 BIN:........b 00h   0d
       472 BIN:........b 00h   0d
       473 BIN:..XX....b 30h  48d
       474 BIN:..XXX..Xb 39h  57d
       475 BIN:..XX.XX.b 36h  54d
       476 BIN:........b 00h   0d

#B0  ;bullet PIC 8
       477 BIN:........b 00h   0d
       478 BIN:........b 00h   0d
       479 BIN:........b 00h   0d
       480 BIN:...XX...b 18h  24d
       481 BIN:...XX...b 18h  24d
       482 BIN:........b 00h   0d
       483 BIN:........b 00h   0d
       484 BIN:........b 00h   0d

#S0  ;splat PIC 9
       485 BIN:........b 00h   0d
       486 BIN:........b 00h   0d
       487 BIN:...X....b 10h  16d
       488 BIN:........b 00h   0d
       489 BIN:.....X..b 04h   4d
       490 BIN:.X......b 40h  64d
       491 BIN:........b 00h   0d
       492 BIN:........b 00h   0d

#t0  ;tree PIC 10
       493 BIN:......X.b 02h   2d
       494 BIN:.....X..b 04h   4d
       495 BIN:....X...b 08h   8d
       496 BIN:....X...b 08h   8d
       497 BIN:...XXX..b 1Ch  28d
       498 BIN:..XXXXX.b 3Eh  62d
       499 BIN:...XXX..b 1Ch  28d
       500 BIN:........b 00h   0d

#b0  ;brick PIC 11
       501 BIN:..XXXX..b 3Ch  60d
       502 BIN:.XXXXXX.b 7Eh 126d
       503 BIN:XXX..XXXb E7h 231d
       504 BIN:XX....XXb C3h 195d
       505 BIN:XX....XXb C3h 195d
       506 BIN:XXX..XXXb E7h 231d
       507 BIN:.XXXXXX.b 7Eh 126d
       508 BIN:..XXXX..b 3Ch  60d

#D0  ;door PIC 12
       509 BIN:..XXXX..b 3Ch  60d
       510 BIN:.XXXXXX.b 7Eh 126d
       511 BIN:XXX..XXXb E7h 231d
       512 BIN:XX.XX.XXb DBh 219d
       513 BIN:XX.XX.XXb DBh 219d
       514 BIN:XXX..XXXb E7h 231d
       515 BIN:.XXXXXX.b 7Eh 126d
       516 BIN:..XXXX..b 3Ch  60d

#k0  ;key PIC 13
       517 BIN:........b 00h   0d
       518 BIN:..XXXX..b 3Ch  60d
       519 BIN:.X....X.b 42h  66d
       520 BIN:.X....X.b 42h  66d
       521 BIN:.X....X.b 42h  66d
       522 BIN:.X....X.b 42h  66d
       523 BIN:..XXXX..b 3Ch  60d
       524 BIN:........b 00h   0d

#.1  ;blank PIC 14
       525 BIN:........b 00h   0d
       526 BIN:........b 00h   0d
       527 BIN:........b 00h   0d
       528 BIN:........b 00h   0d
       529 BIN:........b 00h   0d
       530 BIN:........b 00h   0d
       531 BIN:........b 00h   0d
       532 BIN:........b 00h   0d

#P1  ;Player PIC 15
       533 BIN:........b 00h   0d
       534 BIN:..XXXX..b 3Ch  60d
       535 BIN:.X.XX.X.b 5Ah  90d
       536 BIN:.XXXXXX.b 7Eh 126d
       537 BIN:.XX..XX.b 66h 102d
       538 BIN:.XXXXXX.b 7Eh 126d
       539 BIN:..XXXX..b 3Ch  60d
       540 BIN:........b 00h   0d

#M1  ;patrolling Monster PIC 16
       541 BIN:........b 00h   0d
       542 BIN:..XXXX..b 3Ch  60d
       543 BIN:.X.XX.X.b 5Ah  90d
       544 BIN:.XXXXXX.b 7Eh 126d
       545 BIN:.XX..XX.b 66h 102d
       546 BIN:.XXXXXX.b 7Eh 126d
       547 BIN:..X.X.X.b 2Ah  42d
       548 BIN:........b 00h   0d

#m1  ;seeker monster PIC 17
       549 BIN:........b 00h   0d
       550 BIN:..XXXX..b 3Ch  60d
       551 BIN:.XXXXXX.b 7Eh 126d
       552 BIN:.X.XX.X.b 5Ah  90d
       553 BIN:.XXXXXX.b 7Eh 126d
       554 BIN:.XXXXXX.b 7Eh 126d
       555 BIN:..X.X.X.b 2Ah  42d
       556 BIN:........b 00h   0d

#c1  ;coin PIC 18
       557 BIN:........b 00h   0d
       558 BIN:........b 00h   0d
       559 BIN:...XX...b 18h  24d
       560 BIN:..X..X..b 24h  36d
       561 BIN:..X..X..b 24h  36d
       562 BIN:...XX...b 18h  24d
       563 BIN:........b 00h   0d
       564 BIN:........b 00h   0d

#s1  ;scroll PIC 19
       565 BIN:..X.X...b 28h  40d
       566 BIN:...X....b 10h  16d
       567 BIN:..XXX...b 38h  56d
       568 BIN:.X.X.X..b 54h  84d
       569 BIN:.XXXXX..b 7Ch 124d
       570 BIN:.X...X..b 44h  68d
       571 BIN:..XXX...b 38h  56d
       572 BIN:........b 00h   0d

#f1  ;fire PIC 20
       573 BIN:........b 00h   0d
       574 BIN:...X....b 10h  16d
       575 BIN:..XXX...b 38h  56d
       576 BIN:.XXXXX..b 7Ch 124d
       577 BIN:.XXXXX..b 7Ch 124d
       578 BIN:..XXX...b 38h  56d
       579 BIN:........b 00h   0d
       580 BIN:........b 00h   0d

#F1  ;bomb PIC 21
       581 BIN:........b 00h   0d
       582 BIN:........b 00h   0d
       583 BIN:........b 00h   0d
       584 BIN:X...X...b 88h 136d
       585 BIN:.X.X....b 50h  80d
       586 BIN:.X.X.XX.b 56h  86d
       587 BIN:..XXX..Xb 39h  57d
       588 BIN:........b 00h   0d

LEVEL 1

       589 LVL:X...............bb.cbbbbb..c.c.c
       605 LVL:.c.c.c.c.bbbbb..bb..bbbbb.......
       621 LVL:.........bbbbbc.bb.....bb..bbbbb
       637 LVL:bbbbbbb..bb.....bb..k..bb..bbbbb
       653 LVL:bbbbbbb..bb.k...bb.c..c...c...c.
       669 LVL:bb..c..c...c..c.bb..............
       685 LVL:bb..............bbbbbbbbbbbbbbbb
       701 LVL:bbbbbbbbbbbbbbbbbbbbbbbbbbbbbbbb
       717 LVL:bbbbbbbbbbbbbbbbbb.............b
       733 LVL:b...............bb.c..c....c...b
       749 LVL:b...c...c...c...bb..k.bb..bbbbbb
       765 LVL:bbbbbbb..bb..kc.bb....bbc.bbbbbb
       781 LVL:bbbbbbb.cbb.....bb..bbbb........
       797 LVL:.........bbbbb..bb.cbbbb..c.c.c.
       813 LVL:c.c.c.c..bbbbb..bb...c..c.......
       829 LVL:...........c..c.bb........bbbbbb
       845 LVL:bbbbbbb.c..bb...bb.cbb.c..bbbbbb
       861 LVL:bbbbbbb....bb.c.bb..bb......c..c
       877 LVL:...c..c.c..c....bb..c..c........
       893 LVL:................bb........c..bbb
       909 LVL:bbbbb..c.bbbbbbbbbbbbbbbb....bbb
       925 LVL:cccbb....bbbbbbbbbbbbbbbb.c..bDc
       941 LVL:cccbb..c.....................bDb
       957 LVL:cscbb....bbbbbbbbbbbbbbbb.c..bDb
       973 LVL:cccbb..c.bbbbbbbbbbbbbbbb....bDb
       989 LVL:bbbbb...........bb........c.....
      1005 LVL:.......c..c..c..bb.c..c.......c.
      1021 LVL:....c...........bb..............
      1037 LVL:........c..bb.c.bb..bb..c..bbbbb
      1053 LVL:bbbbbbb....bb...bb.cbb.....bbbbb
      1069 LVL:bbbbbbb.........bb...c..c.......
      1085 LVL:........c..c..c.bb..............
LEVEL 2

      1101 LVL:X.c.b.b..bbbbbbbbbbc.bbbc.bk.cbb
      1117 LVL:bbbc.kb.cbbb.........bbb..bbbbbb
      1133 LVL:bbbbbbb..bbb...c..c..bbb........
      1149 LVL:........c....c.bbbbbbbbbbbbb.c..
      1165 LVL:c..c..c..c....................bb
      1181 LVL:bbbbbbbbbbb.c..bbbbbbbbbbbbb..bc
      1197 LVL:.c.cbc.c.kb....c..c..bbb....c.b.
      1213 LVL:b.bbbbb.b.b.c......c.bbb..bb..bc
      1229 LVL:bc.c.c.cbcb...bbbb...bbbc.bbc.b.
      1245 LVL:c..bbbc.c.b.c.bbbb.c.bbb......bb
      1261 LVL:bbcbSb.bbbb...bbbb...bbb..c.c.bc
      1277 LVL:cD.bsbcDDDD...c.c..c.bbbc.bb..bb
      1293 LVL:bbcbDb.bbbb.c........bbb..bbc.b.
      1309 LVL:c..c..c.c.b...bbbbbc.bbb..bb..bc
      1325 LVL:bcbbbbbcbcb...bbbbb..bbb..bb..b.
      1341 LVL:b.c...c.b.b.c.bb...c.bbbc...c.bk
      1357 LVL:.cbbbbbc.cb...bb.k...bbb..k...bb
      1373 LVL:bbbbbbbbbbb........c.bbb......c.
      1389 LVL:....c....c...c..c....bbbbbbbbbbb
      1405 LVL:bbbbbbbbbbbbbbbbbbbbbbbb...c..c.
      1421 LVL:.c.c.c.c.c.c.c.c.c.c.bbbc.......
      1437 LVL:.....................bbb..bbbbbb
      1453 LVL:bbbbbbbbbbbbbbbb.k.c.bbb..bk.c.c
      1469 LVL:bc.c.kbbbbbbbbbb.....bbbc.b.b.bb
      1485 LVL:bbb.b.b.......bbbb.c.bbb..bcbc.c
      1501 LVL:.c.cbcb...c.c.bbbb...bbb..b.c..b
      1517 LVL:cbc.c.b.cbbb..bbbb.c.bbbc.bbbbcb
      1533 LVL:bb.bbbb..bbbc.bb.....bbb..b.c..b
      1549 LVL:bbcDDDD.cbbb..bb.k.c.bbb..bbbbcb
      1565 LVL:cb.bbbb..c..c..c.c...bbbc.b.c..c
      1581 LVL:..c.c.b............c.bbb..bcbcbb
      1597 LVL:bbbcbcb.cbbbbbbbbbb..bbb..b.b.c.
LEVEL 3

      1613 LVL:XPmDWD
      1615 END!