Caves and Scrolls level decompiler.(c)2024 Chris Busch

         0 STR:**TI85**
FOUND: 0 '**TI85**'

         8 HEX:1A 0C 00 
        11 STR:Machine code stored as a string.       ZS4
FOUND: 1 'Machine code stored as a string.       ZS4'

        53 HEX:1C 12 0A 00 0E 12 0C 06 
        61 STR:robotw
FOUND: 2 'robotw'

FOUND COMMENT:'robotw'

        67 HEX:0E 12 0C 12 00 FD 0C 
        74 STR:Robots   LVL
FOUND: 3 'Robots   LVL'

86 Will look for levelandnum at 108

$T="Robots   LVL";ZShell name

        86 HEX:00 
        87 STR:*<
        89 HEX:8C 11 
        91 STR:X
        92 HEX:01 19 
        94 STR:"
        95 HEX:E2 80 
        97 STR:*<
        99 HEX:8C 11 08 02 19 
       104 STR:"
       105 HEX:DF 80 
       107 STR:>
8 ;suspected number of levels

       108 HEX:07 
       109 STR:2
       110 HEX:E1 80 
       112 STR:>
Finding random trees setting:0

       113 HEX:00 
       114 STR:2
       115 HEX:E4 80 
       117 STR:!
       118 HEX:00 00 
       120 STR:"y
       122 HEX:81 CD 09 8C 08 
       127 STR:!
       128 HEX:02 00 11 03 01 CD 0F 8C DE 00 CD BE 01 FE 00 
       143 STR:(
       144 HEX:F9 CD 0F 8C 85 00 DD 
       151 STR:*<
       153 HEX:8C 11 
       155 STR:,
       156 HEX:00 DD 19 DD 
       160 STR:n
       161 HEX:00 DD 
       163 STR:f
       164 HEX:01 ED 
       166 STR:[y
       168 HEX:81 CD 8E 00 D0 DD 
       174 STR:s
       175 HEX:00 DD 
       177 STR:r
       178 HEX:01 
       179 STR::k
       181 HEX:8A B7 
       183 STR:(
       184 HEX:10 
       185 STR:*<
       187 HEX:8C 11 
       189 STR:=
       190 HEX:01 19 11 
       193 STR:k
       194 HEX:8A EB 01 03 00 ED B0 
       201 STR:!@
       203 HEX:8C CB C6 C9 11 FA 00 
       210 STR:*<
       212 HEX:8C 19 
       214 STR:~<<G
FOUND: 4 '~<<G'

       218 HEX:11 83 80 
       221 STR:~
       222 HEX:12 13 
       224 STR:#
       225 HEX:10 FA D7 
       228 STR:8$*<
FOUND: 5 '8$*<'

       232 HEX:8C E5 
       234 STR:!
       235 HEX:05 00 19 
       238 STR:"<
       240 HEX:8C 11 0E 00 19 
       245 STR:~
       246 HEX:FE 
       247 STR:v(
       249 HEX:06 E1 
       251 STR:"<
       253 HEX:8C 18 0A CD 0F 8C 0E 00 E1 
       262 STR:"<
       264 HEX:8C C9 
       266 STR:!
       267 HEX:06 00 11 F3 00 CD 0F 8C DE 00 
       277 STR:!
       278 HEX:07 00 11 FB 00 CD 0F 8C DE 00 CD BE 01 FE 00 
       293 STR:(
       294 HEX:F9 C9 
       296 STR:"
       297 HEX:0C 80 
       299 STR:*<
       301 HEX:8C 19 CD 09 8C 0B C9 ED 
       309 STR:C
       310 HEX:0C 80 CD 09 8C 09 C9 
       317 STR:NEEDS:
FOUND: 6 'NEEDS:'

       323 HEX:00 07 
       325 STR:SENGINE
Scrolls level detected.

FOUND: 7 'SENGINE'

       332 HEX:00 
       333 STR:    Robot   World       Gotta get an A!   Top student  is you. SLVL4.0(C)1996 CBusch
Found '    Robot   World       Gotta get an A!   Top student  is you. SLVL4.0(C)1996 CBusch' at 416
$S="    Robot   World    "  ;Story Title
$A="   Gotta get an A!   "  ;
$P="Top student  is "  ;high score line

FOUND: 8 '    Robot   World       Gotta get an A!   Top student  is you. SLVL4.0(C)1996 CBusch'

       417 HEX:00 
#.0  ;blank PIC 0
       418 BIN:........b 00h   0d
       419 BIN:........b 00h   0d
       420 BIN:........b 00h   0d
       421 BIN:........b 00h   0d
       422 BIN:........b 00h   0d
       423 BIN:........b 00h   0d
       424 BIN:........b 00h   0d
       425 BIN:........b 00h   0d

#P0  ;Player PIC 1
       426 BIN:..XXXX..b 3Ch  60d
       427 BIN:.X.XX.X.b 5Ah  90d
       428 BIN:..X..X..b 24h  36d
       429 BIN:X..XX...b 98h 152d
       430 BIN:XXXXXXXXb FFh 255d
       431 BIN:...XX..Xb 19h  25d
       432 BIN:..X..X..b 24h  36d
       433 BIN:.XX..XXXb 67h 103d

#M0  ;patrolling Monster PIC 2
       434 BIN:........b 00h   0d
       435 BIN:........b 00h   0d
       436 BIN:..XXXX..b 3Ch  60d
       437 BIN:.XX..XX.b 66h 102d
       438 BIN:..X..X..b 24h  36d
       439 BIN:.XXXXXX.b 7Eh 126d
       440 BIN:.XX..XX.b 66h 102d
       441 BIN:........b 00h   0d

#m0  ;seeker monster PIC 3
       442 BIN:........b 00h   0d
       443 BIN:..X..X..b 24h  36d
       444 BIN:..XXXX..b 3Ch  60d
       445 BIN:XX.XX.XXb DBh 219d
       446 BIN:...XX...b 18h  24d
       447 BIN:.X.XX.X.b 5Ah  90d
       448 BIN:.XXXXXX.b 7Eh 126d
       449 BIN:.X....X.b 42h  66d

#c0  ;coin PIC 4
       450 BIN:........b 00h   0d
       451 BIN:........b 00h   0d
       452 BIN:.XXXXX..b 7Ch 124d
       453 BIN:.X...XX.b 46h  70d
       454 BIN:.XXXXX..b 7Ch 124d
       455 BIN:........b 00h   0d
       456 BIN:........b 00h   0d
       457 BIN:........b 00h   0d

#s0  ;scroll PIC 5
       458 BIN:........b 00h   0d
       459 BIN:..X.....b 20h  32d
       460 BIN:.X.X..X.b 52h  82d
       461 BIN:.XXX.XXXb 77h 119d
       462 BIN:.X.X..X.b 52h  82d
       463 BIN:.X.X....b 50h  80d
       464 BIN:........b 00h   0d
       465 BIN:........b 00h   0d

#f0  ;fire PIC 6
       466 BIN:........b 00h   0d
       467 BIN:...X.X..b 14h  20d
       468 BIN:........b 00h   0d
       469 BIN:.X.....Xb 41h  65d
       470 BIN:....X...b 08h   8d
       471 BIN:.X.....Xb 41h  65d
       472 BIN:........b 00h   0d
       473 BIN:...X.X..b 14h  20d

#F0  ;bomb PIC 7
       474 BIN:........b 00h   0d
       475 BIN:....X...b 08h   8d
       476 BIN:...X....b 10h  16d
       477 BIN:...XX...b 18h  24d
       478 BIN:..X.XX..b 2Ch  44d
       479 BIN:..XXXX..b 3Ch  60d
       480 BIN:...XX...b 18h  24d
       481 BIN:........b 00h   0d

#B0  ;bullet PIC 8
       482 BIN:........b 00h   0d
       483 BIN:........b 00h   0d
       484 BIN:...XX...b 18h  24d
       485 BIN:..X.XX..b 2Ch  44d
       486 BIN:..XXXX..b 3Ch  60d
       487 BIN:...XX...b 18h  24d
       488 BIN:........b 00h   0d
       489 BIN:........b 00h   0d

#S0  ;splat PIC 9
       490 BIN:........b 00h   0d
       491 BIN:...X....b 10h  16d
       492 BIN:....X.X.b 0Ah  10d
       493 BIN:..X.....b 20h  32d
       494 BIN:.....X..b 04h   4d
       495 BIN:.X....X.b 42h  66d
       496 BIN:...X.X..b 14h  20d
       497 BIN:........b 00h   0d

#t0  ;tree PIC 10
       498 BIN:........b 00h   0d
       499 BIN:........b 00h   0d
       500 BIN:........b 00h   0d
       501 BIN:....X...b 08h   8d
       502 BIN:...XXX..b 1Ch  28d
       503 BIN:....X...b 08h   8d
       504 BIN:........b 00h   0d
       505 BIN:........b 00h   0d

#b0  ;brick PIC 11
       506 BIN:.XXXXXX.b 7Eh 126d
       507 BIN:X......Xb 81h 129d
       508 BIN:X......Xb 81h 129d
       509 BIN:X......Xb 81h 129d
       510 BIN:X......Xb 81h 129d
       511 BIN:X......Xb 81h 129d
       512 BIN:X......Xb 81h 129d
       513 BIN:.XXXXXX.b 7Eh 126d

#D0  ;door PIC 12
       514 BIN:..XXXX..b 3Ch  60d
       515 BIN:.X....X.b 42h  66d
       516 BIN:X..XX..Xb 99h 153d
       517 BIN:X.X..X.Xb A5h 165d
       518 BIN:X..XX..Xb 99h 153d
       519 BIN:X......Xb 81h 129d
       520 BIN:.X....X.b 42h  66d
       521 BIN:..XXXX..b 3Ch  60d

#k0  ;key PIC 13
       522 BIN:........b 00h   0d
       523 BIN:........b 00h   0d
       524 BIN:........b 00h   0d
       525 BIN:..XXX...b 38h  56d
       526 BIN:..XXX...b 38h  56d
       527 BIN:..X.X...b 28h  40d
       528 BIN:........b 00h   0d
       529 BIN:........b 00h   0d

#.1  ;blank PIC 14
       530 BIN:........b 00h   0d
       531 BIN:........b 00h   0d
       532 BIN:........b 00h   0d
       533 BIN:........b 00h   0d
       534 BIN:........b 00h   0d
       535 BIN:........b 00h   0d
       536 BIN:........b 00h   0d
       537 BIN:........b 00h   0d

#P1  ;Player PIC 15
       538 BIN:..XXXX..b 3Ch  60d
       539 BIN:.X.XX.X.b 5Ah  90d
       540 BIN:..X..X..b 24h  36d
       541 BIN:...XX..Xb 19h  25d
       542 BIN:XXXXXXXXb FFh 255d
       543 BIN:X..XX...b 98h 152d
       544 BIN:..X..X..b 24h  36d
       545 BIN:XXX..XX.b E6h 230d

#M1  ;patrolling Monster PIC 16
       546 BIN:........b 00h   0d
       547 BIN:...XX...b 18h  24d
       548 BIN:..XXXX..b 3Ch  60d
       549 BIN:.XX..XX.b 66h 102d
       550 BIN:..X..X..b 24h  36d
       551 BIN:.XXXXXX.b 7Eh 126d
       552 BIN:.XX..XX.b 66h 102d
       553 BIN:........b 00h   0d

#m1  ;seeker monster PIC 17
       554 BIN:........b 00h   0d
       555 BIN:........b 00h   0d
       556 BIN:..XXXX..b 3Ch  60d
       557 BIN:...XX...b 18h  24d
       558 BIN:...XX...b 18h  24d
       559 BIN:.X.XX.X.b 5Ah  90d
       560 BIN:.XXXXXX.b 7Eh 126d
       561 BIN:.X....X.b 42h  66d

#c1  ;coin PIC 18
       562 BIN:........b 00h   0d
       563 BIN:........b 00h   0d
       564 BIN:.XXXXX..b 7Ch 124d
       565 BIN:.XXXXXX.b 7Eh 126d
       566 BIN:.XXXXX..b 7Ch 124d
       567 BIN:........b 00h   0d
       568 BIN:........b 00h   0d
       569 BIN:........b 00h   0d

#s1  ;scroll PIC 19
       570 BIN:........b 00h   0d
       571 BIN:..X.....b 20h  32d
       572 BIN:.X.X....b 50h  80d
       573 BIN:.XXX.XXXb 77h 119d
       574 BIN:.X.X....b 50h  80d
       575 BIN:.X.X....b 50h  80d
       576 BIN:........b 00h   0d
       577 BIN:........b 00h   0d

#f1  ;fire PIC 20
       578 BIN:........b 00h   0d
       579 BIN:........b 00h   0d
       580 BIN:...X.X..b 14h  20d
       581 BIN:..X...X.b 22h  34d
       582 BIN:....X...b 08h   8d
       583 BIN:..X...X.b 22h  34d
       584 BIN:...X.X..b 14h  20d
       585 BIN:........b 00h   0d

#F1  ;bomb PIC 21
       586 BIN:....X...b 08h   8d
       587 BIN:...X....b 10h  16d
       588 BIN:....X...b 08h   8d
       589 BIN:...XX...b 18h  24d
       590 BIN:..X.XX..b 2Ch  44d
       591 BIN:..XXXX..b 3Ch  60d
       592 BIN:...XX...b 18h  24d
       593 BIN:........b 00h   0d

LEVEL 1

       594 LVL:X.....bcc.....b.bmmm.b.....b..b.
       610 LVL:......bccc....b.bbbbbbbbbbbb..b.
       626 LVL:......bbbbbbDbb.b..k.b.....b..b.
       642 LVL:......bcccb...b.b.c.cb.b.b.b..b.
       658 LVL:....k.bc.bb...b.b.c..b........b.
       674 LVL:......b..DD...b.b....b........D.
       690 LVL:......bs.bb...b.b....b.b.b....b.
       706 LVL:......b.c.b...b.b....b.....b..b.
       722 LVL:......bbbbbbbbb.bb.bbbbbbbbb..b.
       738 LVL:......bcccbk..b.b....b....cb..b.
       754 LVL:......bcccb...b.b..bbbbbc..b..b.
       770 LVL:......bcccb...D.b.c.BBB....D..b.
       786 LVL:......bcccb...b.b..bbbbbcc.b..b.
       802 LVL:......bcccb...b.b....b.....b..b.
       818 LVL:.k....bcccbbbWb.bbbbbbbbbbbb..b.
       834 LVL:......bcccWWWWb...............b.
       850 LVL:......bbbbbbbbbbbbbbbbbbbbbbbbb.
       866 LVL:................................
       882 LVL:.........k.........k............
       898 LVL:................................
       914 LVL:................................
       930 LVL:................................
       946 LVL:........k...k........k.........k
       962 LVL:................................
       978 LVL:................................
       994 LVL:......bbbbbbbbbbbbbbbbbbbbbbbbb.
      1010 LVL:......b..cccc.b...............b.
      1026 LVL:......b..cccc.D.bbbbbbbbbbbb..b.
      1042 LVL:......b.......b.bmmm.bMMMMMb..b.
      1058 LVL:......bbDbbbbbb.bmmm.bMMMMMb..b.
      1074 LVL:......b...btttD.bmmm.......b..b.
      1090 LVL:......bcc.bbbbb.bmmm.b.....D..b.
LEVEL 2

      1106 LVL:X...bbbbbbbbbbbbbbbbbbbbbbbbbbb.
      1122 LVL:b.cc......b..c....b.bcb.....c.b.
      1138 LVL:b.bbbbb.b.bbb.bbbcbfb.bbbbb.bbb.
      1154 LVL:.cbcc..cb.c.b.bc..b...bc...Sb.b.
      1170 LVL:bcbbbbbbbfbbb.bbb.b.bbbbb.bcb.bc
      1186 LVL:b.b.c...bF......b.b...c...bcb.b.
      1202 LVL:bbb.bbb.bbbbb.bbb.b.bbbcbtb.b.b.
      1218 LVL:b.b..cb....c..bcb.f.b.c.b.b.cfb.
      1234 LVL:b.bbb.bbbbbbbDb.b.bbbbb.bcbbb.b.
      1250 LVL:bc......b..cbkb.b.b.b.b.b.bc.kb.
      1266 LVL:b.bbbbb.bbb.bbbcbbb.b.bbbbb.bbbc
      1282 LVL:b...bs.cb.bcc...c.b.k.c..c..b.b.
      1298 LVL:bbbbb.b.b.bbb.bbbbbbb.b.bbbbb.b.
      1314 LVL:b.b.bSb.c..cb.....ccb.b....c..bf
      1330 LVL:b.b.b.bbbbbcb.bbb.bbb.b.b.bbbbbc
      1346 LVL:bc........b.F.cDb...b.b.b.c...b.
      1362 LVL:bbb.bbb.bbb.b.bbb.bbb.b.bbbbbbb.
      1378 LVL:b.b...b.....bc..b..cb.b.D.....b.
      1394 LVL:b.bbb.bbbbb.bbb.bbbbbbb.bbb.bbb.
      1410 LVL:bc....c.c.b.b.bSbFccb..kc.bc..b.
      1426 LVL:bbb.bbbbbbb.b.b.bbb.bbb.bbbbbbb.
      1442 LVL:b..f....c.b.b.b.bc...c........b.
      1458 LVL:bbb.bbbbbcb.b.bbbcb.b.b.b.b.b.b.
      1474 LVL:b.bSbc..b.b....cc.b.b.b.b.bcb.b.
      1490 LVL:b.b.bfb.bbbbbbbbb.bbbbb.bbb.b.b.
      1506 LVL:b.....b...bc.c...c..b.b.F.bcbFbc
      1522 LVL:bbbbbbb.b.bbb.b.b.c.b.bbbtb.b.bc
      1538 LVL:b...b.bcbcb...b.b.bc.F..b.b.bcb.
      1554 LVL:bbbDb.b.bbbbbbb.bbb.bbb.bbbbbcb.
      1570 LVL:b....c....b..t..b..c..bcb.t.c.b.
      1586 LVL:bbbbbbbbbbbbbbbbbbbbbbbbbb.bbbb.
      1602 LVL:....f.............c.............
LEVEL 3

      1618 LVL:X...bbbbbbbbbbbbbbbbbbbbbbbbbbb.
      1634 LVL:b.c.b.bc....b.c.b..c..t.b...b.b.
      1650 LVL:bbbcbFbbbcb.bcbbb.b.bbb.bbb.b.bc
      1666 LVL:b.b.b.....b.b.b...b...b.bc..b.b.
      1682 LVL:b.b.bbbcb.bbbcbbb.bbbbbbbbb.bcb.
      1698 LVL:bF.c..b.bcccc.....b.....F.b.bcb.
      1714 LVL:b.bbb.bbbbb.bbbbbbb.bbb.bbb.b.b.
      1730 LVL:b.b.....b.....b.c...bcb.b.b...bc
      1746 LVL:bbb.bbbbbbb.bbbbbbb.b.bcb.b.b.b.
      1762 LVL:b.b.....b.b....c...c..bSs..cb.b.
      1778 LVL:b.bcbkbcc.b.bbb.b.b.bbbbbbb.b.b.
      1794 LVL:b...b.bcb.bc.cb.bcbc....bc..b.b.
      1810 LVL:b.b.b.bcb.bbbbb.b.b.bcbbb.b.bbb.
      1826 LVL:b.b.b.b.bc...ct.b.b.bDb.b.b.b.b.
      1842 LVL:bbbbb.bbb.bbb.b.b.bbb.b.bb..bkbS
      1858 LVL:b.b.bcb.c....kb.b...b.D.b.b...b.
      1874 LVL:bcb.bc.bb.b.b.b.bbbbbbb.bDbbb.b.
      1890 LVL:bc..b..cbcb.b.bt....b...b.b.bcb.
      1906 LVL:bbbcbbb.bbb.b.bbbbbbb.bbb.b.b.bc
      1922 LVL:b.....b....cb..c..bc..c.bc..b.b.
      1938 LVL:bcbbb.bbb.bbbbbcbcbbbbb.bbb.bDb.
      1954 LVL:bcbc....f...bc..b.bc.c.cF.....bc
      1970 LVL:b.bbtbb.bb.bbbb.b.bbb.bbb.bbbbb.
      1986 LVL:b.b...ccc...b.bcb.b.b.b...bt..b.
      2002 LVL:bbbbb.bbb.bbb.bbbbb.b.bbb.bbbcb.
      2018 LVL:b.......b...b..cb...bf........b.
      2034 LVL:bbbbbcb.b.b.bbb.b.b.bbb.b.b.b.b.
      2050 LVL:b.b...b.b.b.tc..b.b.....bkb...b.
      2066 LVL:bcb.bbbbbbb.bcb.b.bcb.bbb.bbbbb.
      2082 LVL:b...b.c.....bSb...bcb.b.......b.
      2098 LVL:bbbbbbb..bbbbbbbcbbbbbbbbbbbbbb.
      2114 LVL:...........c......S..c......c...
LEVEL 4

      2130 LVL:X.ccbbbbbbbbbbbbbbbbbbbbbbbbbbb.
      2146 LVL:b...b.b.........b.bF.c.cb.bc..b.
      2162 LVL:bcbbb.bbbcbbbbbbb.bbb.b.b.b.bbb.
      2178 LVL:bkb.b.b...b...b.bc..bcbt......b.
      2194 LVL:b.b.b.b.bbb.bbb.bbb.bbbbb.b.b.b.
      2210 LVL:b..cb......Sb....cbc.cbF....b.b.
      2226 LVL:bbb.bc.bb.b.bbbbb.bbbSb.b.bbbbbc
      2242 LVL:b...cc..b.b.......b...b.b.b...b.
      2258 LVL:bfbbb.bbbbbbbbb.b.bDbbb.b.b.bbbc
      2274 LVL:b..cbcb.c.b.c...b.b...b.b..cb.b.
      2290 LVL:bbb.bbbbb.cbb.b..bb.bbb.bbbbb.b.
      2306 LVL:b...b.b.bcbkbcb.bcb.......b.D.bc
      2322 LVL:bcb.b.b.b.b.b.b.b.b.bbbbbbbbb.b.
      2338 LVL:bcb.bc.cbc....b....cc.b...bc..b.
      2354 LVL:b.bbbbb.bbbcbbbb.bb.bcbbb.b.bcb.
      2370 LVL:bSb.F....c.Fbc....b.bc.D..c.b.b.
      2386 LVL:bbb.bbb.b.b.bcb.bbb.b.bbb.bbbbb.
      2402 LVL:b.b.b..cb.b.bcb.b...b.b.....bcbt
      2418 LVL:b.b.bbbbb.bbb.bbbbbbbcb.bcbbb.b.
      2434 LVL:b..t.cb.c.b.....b.c...bcb.cf.cb.
      2450 LVL:bbbbb.bbbbb.bcb.b.bbbbbcbbb.b.b.
      2466 LVL:b.b.bc..bcbcc.b.b.t.b.b.bc.fb.b.
      2482 LVL:b.bcb.b.bcbcbkbbbbb.bcbbbcb.b.b.
      2498 LVL:b.c...b.bct.b...bc.c..c...b.b.bt
      2514 LVL:bbb.bbbcb.bbb.bbbcbbbbbbb.bbb.b.
      2530 LVL:b.c.b....Sb..kb..c.c..b.b.D.b.b.
      2546 LVL:b.b.b.bbbbb.bbb.bcbbbcb.bbb.b.b.
      2562 LVL:b.bs....b.b...bcb.b...b...c.b.b.
      2578 LVL:bbb.bbb.b.b.b.b.b.b.b.bbbbbbb.b.
      2594 LVL:b...b...b.ccbc.Fbcb.b...c.b.f.b.
      2610 LVL:bbbbbbbbbbbbbbbbbbbbbbbbbbbbbbbc
      2626 LVL:......c.cc...cc..c.c............
LEVEL 5

      2642 LVL:Xc..bbbbbbbbbbbbbbbbbbbbbb.bbbb.
      2658 LVL:b....c..b.b...bS..b..Dc.....c.b.
      2674 LVL:bbb.bbbbb.b.bcbbb.b.bbbcb.bbb.b.
      2690 LVL:b.c...b.b.b.b....c..b.bDb.b.b.b.
      2706 LVL:bbb.b.b.b.bbbSb.b.b.b.bbbbb.b.bc
      2722 LVL:b...b.b...b...b.b.b...b..ct...b.
      2738 LVL:bbbcbbbcbbc.b.b.b.bbb.bbb.bbb.bs
      2754 LVL:bf..t..kb.b.bcb.b.b.....bc.cbcb.
      2770 LVL:bcbbb.b.b.bbbbbbbbb.bbbbb...bbb.
      2786 LVL:b.b.b.bcb.bcb.....b...b...b...b.
      2802 LVL:bcb.bcbbb.b.bbbbbcb.bbbbb.b.bbb.
      2818 LVL:b.b..cc.....bcb...c.c.bcc.cc..bc
      2834 LVL:bbbSbbbbbbbbb.b.bbbcbbbbbbbbb.b.
      2850 LVL:bc...cc...bc..b.bF..b..c.cbc.cb.
      2866 LVL:bbbbb.bbb.b.bbbbb.bbbbbcbbbbb.b.
      2882 LVL:b.....bt..bc...c..b.bcc.b.ccb.cc
      2898 LVL:bbbbbcbbb.b.bbbtbbb.bbb.b.b.b.b.
      2914 LVL:b.f.fFb.b.b.b.b.......b...b...b.
      2930 LVL:bcbbb.b.bbbcbcbbb.b.bbb.bbbbb.b.
      2946 LVL:b.........b.b..cc.b...b.b.b.b.b.
      2962 LVL:b.bcbcbbbbb.bbkbbcbbbbb.b.b.bbb.
      2978 LVL:bFb.b...b.b.b.......b.b.b.b...b.
      2994 LVL:b.bcbbbbbcbbb.b.b.bbb.b.bccbb.b.
      3010 LVL:b.c.b.......b.b.b...b...bt...cb.
      3026 LVL:b.bbbcbbbcb.bbbcb.bbb.b.bcbbb.b.
      3042 LVL:b....cb...b.c..cc.b...b.Sc..b.b.
      3058 LVL:b.b.bbb.bbb.bbbbb.b.b.btb.bbb.bc
      3074 LVL:b.bcb.....bcb..cbc.cb.b.b.b.bSb.
      3090 LVL:bDbcb.bbbbbbbbb.bbb.bbbbb.bcb.bk
      3106 LVL:bcb.b.c...b..k........bc...cb.b.
      3122 LVL:bbbbbbbbbbbbbbbbbbbbbbbbbbbbbbb.
      3138 LVL:......c..........D.c.....c......
LEVEL 6

      3154 LVL:X...bbbbbbbbbbb.bbbbbbbbbbbbbbb.
      3170 LVL:b...b..cb.b...t.b.bcb..S..bcb.bc
      3186 LVL:b.bbbbbcb.bcbbbbb.b.b.b.bbb.bcbc
      3202 LVL:b..cccb.....c.b...b...b..c....b.
      3218 LVL:bbb.bbbbb.b.b.bbb.bbb.b.bbbbb.bc
      3234 LVL:b...bcb.bcbcbcb.b.b.S.b.....b.b.
      3250 LVL:b.b.b.b.bbb.bbbSb.bbb.bbbbb.bbbc
      3266 LVL:b.b...b.b.b...b..cb..kb...bcc.b.
      3282 LVL:b.b.bbb.b.bbb.bbb.bbb.bcb.bbb.b.
      3298 LVL:b.b.b....cb.F...b.b.f.bcbcbc..b.
      3314 LVL:b.b.bcbbbbbbbbb.b.bbb.bcbbbbb.b.
      3330 LVL:bcb.b...b..c....bcbSc.c...b.b.bc
      3346 LVL:b.bcbbbcbbbbbcb.b.b..bbbbbb.bcb.
      3362 LVL:b.b.b.b.b...bcbc..t.b...b.....b.
      3378 LVL:b.b.b.b.bbb.b.bbb.bbbbb.b.bbb.bk
      3394 LVL:b...b...b.....b.b.ccDc.sb.b..cb.
      3410 LVL:b.b.bbb.bbbbbcbcb.b.bbb.bcbbbbb.
      3426 LVL:b.b.c.c.bc..b.bcbkb.bcc.b..cb.b.
      3442 LVL:bbbcbcb.b.bbbbb.b.b.b.bbb..bb.b.
      3458 LVL:b.....b.bfc....c..b.b........cb.
      3474 LVL:bkbbb.bbb.bbbcb.bcbbbcbcbbbbb.b.
      3490 LVL:bc.cb.....b...b.bcb...b.b...b.bS
      3506 LVL:bcb.bbbbbbbbb.bbbbb.bbb..tbcbbb.
      3522 LVL:b.bc....b.b.b..cb.D.......bF..b.
      3538 LVL:bbbSb.bbb.b.bbbbbbbbb.bbbbbcbbb.
      3554 LVL:b.b.b...c..tb.....ctb.bcb.b....c
      3570 LVL:bDbbbbbcbbb.bbbbbbb.b.b.b.b.bbb.
      3586 LVL:b.b.c.bcb.b.b...c.c....tb.cf..b.
      3602 LVL:b.bDbcbbb.bbb.bbbbbbbcb.b.bbb.b.
      3618 LVL:b...b...........c.....b.b.....b.
      3634 LVL:bbbbbbbbbbbbbbbbbbbbbbbbbbbbbbb.
      3650 LVL:.c....c........c.....tc.c.....c.
LEVEL 7

      3666 LVL:Xc.cbbbbbbbbbbbbb.bbbbbbbbbbbbbc
      3682 LVL:b...f.f...b.b.....bcc.k.....bcb.
      3698 LVL:bcb.bbb.b.b.bbbcb.b.bbbcb.b.b.bc
      3714 LVL:b.bDb.c.b.bcbc..b.....b...bc..b.
      3730 LVL:b.b.bb.bb.b.b.b.bbbbb.bbb.bbb.bc
      3746 LVL:b..c.c..b.b.b.b.b.b.c...b.c.b.b.
      3762 LVL:bbb.bSbcb.b.bbb.b.b.b.bbb.bbb.b.
      3778 LVL:b...bcb.b.c.scbkb.b.b.b.......bc
      3794 LVL:bbb.bcb.b.bcb.b...b.bbbbbfbbbbb.
      3810 LVL:b...bcb.b.b.b...b.bSbc.cbcbc.Sbc
      3826 LVL:bbb.bbbbbbbbb.bbbcb.b.bbb.b.bbb.
      3842 LVL:b.b.c.b.....bcc.........b.....b.
      3858 LVL:b.bcbbb.b.b.b.bbb.b.bbb.bbbbbFb.
      3874 LVL:b.b.D.bcb.b.S.b...bcbc.....cb.b.
      3890 LVL:b.bbbbbbb.bbbbbbb.bbb.bbbcbSbbbF
      3906 LVL:b...btD...b...bc..bc..b...b.bcb.
      3922 LVL:b.bbbbbbbbbcbcbcbbbbb.bbbbbcb.b.
      3938 LVL:b....c.cc.bcb..c.cb...b.c.....b.
      3954 LVL:b.b.bbbbbbbbbbb.b.bbbbbbbbbcb.bt
      3970 LVL:bcb.b.b.....bcb.b.....b.t.b.b.b.
      3986 LVL:bbb.b.b.b.b.b.bbbbbbb.bbbcbbb.bt
      4002 LVL:b.b.....bcb.b...c.....b.....b.b.
      4018 LVL:b.b.bbbbbtb.b.bbbkbcbbbbb.b.bbb.
      4034 LVL:b...b.c...b...b...b.....b.b...b.
      4050 LVL:b.bbbbbbb.bfbbbbb.bbbbb.bbbbbFb.
      4066 LVL:b.b....F..b...b.......b.c.b...b.
      4082 LVL:b.bbb.bbbbbbbbbbb.bbb.bbb.b.b.b.
      4098 LVL:b..........tbkbc..b.bcb...D.bcb.
      4114 LVL:b.bbb.bbb.bbbfbbb.b.b.b.bbbbb.b.
      4130 LVL:bcb.....b........cbS..bc....b...
      4146 LVL:bbbbbbbbbbbbbbbbbbbbbbbbbbbbbbb.
      4162 LVL:.c.......S...c....Fc...t..cc....
LEVEL 8

      4178 LVL:X...bbbbbbbbbbbbbbbbbbbbbbbbbbbc
      4194 LVL:b.bc...Sbt.S..fc..b...ft....ccb.
      4210 LVL:bcb.bbb.b.bbb.bbbb.bbbbbbDbbbbb.
      4226 LVL:b.bcbcc...bc......c...bF.c...cb.
      4242 LVL:bcbbbbbbbbbbbbbbbbbbb.b.bbbbbbbc
      4258 LVL:b....cb.c..cb.k.c...b.b.cf..b.b.
      4274 LVL:btbbbbbbb..bb.bbbbbcb.bbb.bbb.b.
      4290 LVL:bc..b..c..b...bcf.bcb.bcb.c...b.
      4306 LVL:b.bbb.b.bbbtbcbbb.bbb.b.b.bbb.b.
      4322 LVL:b....cb.b.b.b.b.b....f..b.b.b.b.
      4338 LVL:bbbbb.bbb.bbbDb.b.bbbbb.bcb.bbb.
      4354 LVL:b.b.b..c.......cb...bSb...b...b.
      4370 LVL:b..cbbbbb.bbbb..b.b.b.bbbbbbbsb.
      4386 LVL:b.b.b.........bc..bcbF....b...b.
      4402 LVL:b.b.bbbbbbbcbcbbb.bbbcbcb.b.bcb.
      4418 LVL:b....cccc...bcc.b.b.b.b.b.c.b.b.
      4434 LVL:b.bbb.b.bbbt.bb.b.b.bbbbb.bbbbb.
      4450 LVL:b..cb.b.b.....b.....c..c..bc..b.
      4466 LVL:bbbcbbbbbbbbbbbbbbbcbbb.bbbkbbb.
      4482 LVL:b...b.bc.....c..F.b.b.c..c..c.b.
      4498 LVL:bbbbb.b.b.b.bbbbb.bbbbbbbbbcb.b.
      4514 LVL:b.b.b.b.b.b.bSb..c.D.cbDbc.kb.b.
      4530 LVL:b.b.b.bbb.b.b.bcb.bbb.b.bbb.bbb.
      4546 LVL:b.b.c.b...b...b.b...b.bc.c.cc.b.
      4562 LVL:b.bcbbb.bbbbbbbbbbbbb.bbbb.cbcbc
      4578 LVL:bc........b.cc....b...b.b...b.b.
      4594 LVL:bbbbbbb.bbbbb.b.bbb.b.b.b.b.cbb.
      4610 LVL:b.............b.b...b.cc..b...bc
      4626 LVL:bcb.bbbcbtbbb.b.bbb.bbbbbcbbbbb.
      4642 LVL:bFb.b..cb.....b.c...b..c....ctbc
      4658 LVL:bbbbbbbbbbbbbbbbbbbbbbbbbbbbbbb.
      4674 LVL:.k...c..c...t...............c...
EXTRA 9

      4690 LVL:XPbfS 
      4692 END!