Caves and Scrolls level decompiler.(c)2024 Chris Busch

         0 STR:**TI85**
FOUND: 0 '**TI85**'

         8 HEX:1A 0C 00 
        11 STR:Machine code stored as a string.       ZS4
FOUND: 1 'Machine code stored as a string.       ZS4'

        53 HEX:1C 0A 0A 00 0E 0A 0C 06 
        61 STR:slevel
FOUND: 2 'slevel'

FOUND COMMENT:'slevel'

        67 HEX:0E 0A 0C 0A 00 FD 0C 
        74 STR:Scrolls  LVL
FOUND: 3 'Scrolls  LVL'

86 Will look for levelandnum at 108

$T="Scrolls  LVL";ZShell name

        86 HEX:00 
        87 STR:*<
        89 HEX:8C 11 
        91 STR:X
        92 HEX:01 19 
        94 STR:"
        95 HEX:E2 80 
        97 STR:*<
        99 HEX:8C 11 08 02 19 
       104 STR:"
       105 HEX:DF 80 
       107 STR:>
4 ;suspected number of levels

       108 HEX:03 
       109 STR:2
       110 HEX:E1 80 
       112 STR:>
Finding random trees setting:0

       113 HEX:00 
       114 STR:2
       115 HEX:E4 80 
       117 STR:!
       118 HEX:00 00 
       120 STR:"y
       122 HEX:81 CD 09 8C 08 
       127 STR:!
       128 HEX:02 00 11 03 01 CD 0F 8C DE 00 CD BE 01 FE 00 
       143 STR:(
       144 HEX:F9 CD 0F 8C 85 00 DD 
       151 STR:*<
       153 HEX:8C 11 
       155 STR:,
       156 HEX:00 DD 19 DD 
       160 STR:n
       161 HEX:00 DD 
       163 STR:f
       164 HEX:01 ED 
       166 STR:[y
       168 HEX:81 CD 8E 00 D0 DD 
       174 STR:s
       175 HEX:00 DD 
       177 STR:r
       178 HEX:01 
       179 STR::k
       181 HEX:8A B7 
       183 STR:(
       184 HEX:10 
       185 STR:*<
       187 HEX:8C 11 
       189 STR:=
       190 HEX:01 19 11 
       193 STR:k
       194 HEX:8A EB 01 03 00 ED B0 
       201 STR:!@
       203 HEX:8C CB C6 C9 11 FA 00 
       210 STR:*<
       212 HEX:8C 19 
       214 STR:~<<G
FOUND: 4 '~<<G'

       218 HEX:11 83 80 
       221 STR:~
       222 HEX:12 13 
       224 STR:#
       225 HEX:10 FA D7 
       228 STR:8$*<
FOUND: 5 '8$*<'

       232 HEX:8C E5 
       234 STR:!
       235 HEX:05 00 19 
       238 STR:"<
       240 HEX:8C 11 0E 00 19 
       245 STR:~
       246 HEX:FE 
       247 STR:v(
       249 HEX:06 E1 
       251 STR:"<
       253 HEX:8C 18 0A CD 0F 8C 0E 00 E1 
       262 STR:"<
       264 HEX:8C C9 
       266 STR:!
       267 HEX:06 00 11 F3 00 CD 0F 8C DE 00 
       277 STR:!
       278 HEX:07 00 11 FB 00 CD 0F 8C DE 00 CD BE 01 FE 00 
       293 STR:(
       294 HEX:F9 C9 
       296 STR:"
       297 HEX:0C 80 
       299 STR:*<
       301 HEX:8C 19 CD 09 8C 0B C9 ED 
       309 STR:C
       310 HEX:0C 80 CD 09 8C 09 C9 
       317 STR:NEEDS:
FOUND: 6 'NEEDS:'

       323 HEX:00 07 
       325 STR:SENGINE
Scrolls level detected.

FOUND: 7 'SENGINE'

       332 HEX:00 
       333 STR:  Scroll  Searching  Can U beat  4 levels? Best seeker is you. SLVL4.0(C)1996 CBusch
Found '  Scroll  Searching  Can U beat  4 levels? Best seeker is you. SLVL4.0(C)1996 CBusch' at 416
$S="  Scroll  Searching  "  ;Story Title
$A="Can U beat  4 levels?"  ;
$P=" Best seeker is "  ;high score line

FOUND: 8 '  Scroll  Searching  Can U beat  4 levels? Best seeker is you. SLVL4.0(C)1996 CBusch'

       417 HEX:00 
#.0  ;blank PIC 0
       418 BIN:........b 00h   0d
       419 BIN:........b 00h   0d
       420 BIN:........b 00h   0d
       421 BIN:........b 00h   0d
       422 BIN:........b 00h   0d
       423 BIN:........b 00h   0d
       424 BIN:........b 00h   0d
       425 BIN:........b 00h   0d

#P0  ;Player PIC 1
       426 BIN:..XXXX..b 3Ch  60d
       427 BIN:.X.XX.X.b 5Ah  90d
       428 BIN:..X..X..b 24h  36d
       429 BIN:X..XX...b 98h 152d
       430 BIN:XXXXXXXXb FFh 255d
       431 BIN:...XX..Xb 19h  25d
       432 BIN:..X..X..b 24h  36d
       433 BIN:.XX..XXXb 67h 103d

#M0  ;patrolling Monster PIC 2
       434 BIN:.X....X.b 42h  66d
       435 BIN:..X..X..b 24h  36d
       436 BIN:.X.XX.X.b 5Ah  90d
       437 BIN:..X..X..b 24h  36d
       438 BIN:...XX...b 18h  24d
       439 BIN:XXXXXXXXb FFh 255d
       440 BIN:...XX...b 18h  24d
       441 BIN:.XX..XX.b 66h 102d

#m0  ;seeker monster PIC 3
       442 BIN:......X.b 02h   2d
       443 BIN:..XXXX..b 3Ch  60d
       444 BIN:.X.XX.X.b 5Ah  90d
       445 BIN:..X..X..b 24h  36d
       446 BIN:...XX..Xb 19h  25d
       447 BIN:XXXXXXXXb FFh 255d
       448 BIN:...XX...b 18h  24d
       449 BIN:.XX..XX.b 66h 102d

#c0  ;coin PIC 4
       450 BIN:......X.b 02h   2d
       451 BIN:..XXX..Xb 39h  57d
       452 BIN:.X.X.X..b 54h  84d
       453 BIN:X.X.X.X.b AAh 170d
       454 BIN:.X.X.X..b 54h  84d
       455 BIN:..X.X...b 28h  40d
       456 BIN:...X....b 10h  16d
       457 BIN:........b 00h   0d

#s0  ;scroll PIC 5
       458 BIN:.XXXXXX.b 7Eh 126d
       459 BIN:X.X....Xb A1h 161d
       460 BIN:..X.XX.Xb 2Dh  45d
       461 BIN:.X....X.b 42h  66d
       462 BIN:.X.XX.X.b 5Ah  90d
       463 BIN:X....X..b 84h 132d
       464 BIN:X....X.Xb 85h 133d
       465 BIN:.XXXXXX.b 7Eh 126d

#f0  ;fire PIC 6
       466 BIN:........b 00h   0d
       467 BIN:.X....X.b 42h  66d
       468 BIN:....X...b 08h   8d
       469 BIN:.X.X.X.Xb 55h  85d
       470 BIN:.X.XX..Xb 59h  89d
       471 BIN:..X.XXX.b 2Eh  46d
       472 BIN:..XXXX..b 3Ch  60d
       473 BIN:...XX...b 18h  24d

#F0  ;bomb PIC 7
       474 BIN:........b 00h   0d
       475 BIN:....X...b 08h   8d
       476 BIN:...X....b 10h  16d
       477 BIN:...XX...b 18h  24d
       478 BIN:..X.XX..b 2Ch  44d
       479 BIN:..XXXX..b 3Ch  60d
       480 BIN:...XX...b 18h  24d
       481 BIN:........b 00h   0d

#B0  ;bullet PIC 8
       482 BIN:........b 00h   0d
       483 BIN:........b 00h   0d
       484 BIN:...XX...b 18h  24d
       485 BIN:..X.XX..b 2Ch  44d
       486 BIN:..XXXX..b 3Ch  60d
       487 BIN:...XX...b 18h  24d
       488 BIN:........b 00h   0d
       489 BIN:........b 00h   0d

#S0  ;splat PIC 9
       490 BIN:........b 00h   0d
       491 BIN:...X....b 10h  16d
       492 BIN:....X.X.b 0Ah  10d
       493 BIN:..X.....b 20h  32d
       494 BIN:.....X..b 04h   4d
       495 BIN:.X....X.b 42h  66d
       496 BIN:...X.X..b 14h  20d
       497 BIN:........b 00h   0d

#t0  ;tree PIC 10
       498 BIN:........b 00h   0d
       499 BIN:...XXX..b 1Ch  28d
       500 BIN:..X.X.X.b 2Ah  42d
       501 BIN:.X.X.X.Xb 55h  85d
       502 BIN:..X.X.X.b 2Ah  42d
       503 BIN:...XXX..b 1Ch  28d
       504 BIN:...XX...b 18h  24d
       505 BIN:..XXXX..b 3Ch  60d

#b0  ;brick PIC 11
       506 BIN:.X...X..b 44h  68d
       507 BIN:XXXXXXXXb FFh 255d
       508 BIN:...X...Xb 11h  17d
       509 BIN:XXXXXXXXb FFh 255d
       510 BIN:.X...X..b 44h  68d
       511 BIN:XXXXXXXXb FFh 255d
       512 BIN:...X...Xb 11h  17d
       513 BIN:XXXXXXXXb FFh 255d

#D0  ;door PIC 12
       514 BIN:..XXXX..b 3Ch  60d
       515 BIN:XX....XXb C3h 195d
       516 BIN:X......Xb 81h 129d
       517 BIN:X...XX.Xb 8Dh 141d
       518 BIN:X...XX.Xb 8Dh 141d
       519 BIN:X......Xb 81h 129d
       520 BIN:X......Xb 81h 129d
       521 BIN:XXXXXXXXb FFh 255d

#k0  ;key PIC 13
       522 BIN:........b 00h   0d
       523 BIN:..XXX...b 38h  56d
       524 BIN:.X...X..b 44h  68d
       525 BIN:..XXX...b 38h  56d
       526 BIN:...X....b 10h  16d
       527 BIN:...XX...b 18h  24d
       528 BIN:...X....b 10h  16d
       529 BIN:...XX...b 18h  24d

#.1  ;blank PIC 14
       530 BIN:........b 00h   0d
       531 BIN:........b 00h   0d
       532 BIN:........b 00h   0d
       533 BIN:........b 00h   0d
       534 BIN:........b 00h   0d
       535 BIN:........b 00h   0d
       536 BIN:........b 00h   0d
       537 BIN:........b 00h   0d

#P1  ;Player PIC 15
       538 BIN:..XXXX..b 3Ch  60d
       539 BIN:.X.XX.X.b 5Ah  90d
       540 BIN:..X..X..b 24h  36d
       541 BIN:...XX..Xb 19h  25d
       542 BIN:XXXXXXXXb FFh 255d
       543 BIN:X..XX...b 98h 152d
       544 BIN:..X..X..b 24h  36d
       545 BIN:XXX..XX.b E6h 230d

#M1  ;patrolling Monster PIC 16
       546 BIN:........b 00h   0d
       547 BIN:..X..X..b 24h  36d
       548 BIN:.X.XX.X.b 5Ah  90d
       549 BIN:..X..X..b 24h  36d
       550 BIN:X..XX..Xb 99h 153d
       551 BIN:.XXXXXX.b 7Eh 126d
       552 BIN:...XX...b 18h  24d
       553 BIN:.XX..XX.b 66h 102d

#m1  ;seeker monster PIC 17
       554 BIN:.X......b 40h  64d
       555 BIN:..XXXX..b 3Ch  60d
       556 BIN:.X.XX.X.b 5Ah  90d
       557 BIN:..X..X..b 24h  36d
       558 BIN:X..XX...b 98h 152d
       559 BIN:XXXXXXXXb FFh 255d
       560 BIN:...XX...b 18h  24d
       561 BIN:.XX..XXXb 67h 103d

#c1  ;coin PIC 18
       562 BIN:.......Xb 01h   1d
       563 BIN:..XXX.X.b 3Ah  58d
       564 BIN:.X.X.X..b 54h  84d
       565 BIN:X.X.X.X.b AAh 170d
       566 BIN:.X.X.X..b 54h  84d
       567 BIN:..X.X...b 28h  40d
       568 BIN:...X....b 10h  16d
       569 BIN:........b 00h   0d

#s1  ;scroll PIC 19
       570 BIN:.XXXXXX.b 7Eh 126d
       571 BIN:X.X....Xb A1h 161d
       572 BIN:..X....Xb 21h  33d
       573 BIN:.X.XX.X.b 5Ah  90d
       574 BIN:.X....X.b 42h  66d
       575 BIN:X.XX.X..b B4h 180d
       576 BIN:X....X.Xb 85h 133d
       577 BIN:.XXXXXX.b 7Eh 126d

#f1  ;fire PIC 20
       578 BIN:........b 00h   0d
       579 BIN:...X....b 10h  16d
       580 BIN:..X..X.Xb 25h  37d
       581 BIN:X..X.X..b 94h 148d
       582 BIN:.X.XX.XXb 5Bh  91d
       583 BIN:.XX.X.X.b 6Ah 106d
       584 BIN:..XX.X..b 34h  52d
       585 BIN:...XXX..b 1Ch  28d

#F1  ;bomb PIC 21
       586 BIN:....X...b 08h   8d
       587 BIN:...X....b 10h  16d
       588 BIN:....X...b 08h   8d
       589 BIN:...XX...b 18h  24d
       590 BIN:..X.XX..b 2Ch  44d
       591 BIN:..XXXX..b 3Ch  60d
       592 BIN:...XX...b 18h  24d
       593 BIN:........b 00h   0d

LEVEL 1

       594 LVL:X...............b........Dc...cb
       610 LVL:.....bbbbbbb.k..bbbbbbbbbbbbbbbb
       626 LVL:.....bkkkkkb....................
       642 LVL:.....Dkkkkkb....................
       658 LVL:.....bbbbbbb....................
       674 LVL:................k.....bbbbbbbbbb
       690 LVL:bbbbb.................bccccccccc
       706 LVL:ccccb........bbbbbbbbbbbbbbccccc
       722 LVL:ccccb........b........D...bccccc
       738 LVL:ccccbbbbbb...b..bbbbbbb...bccccc
       754 LVL:ccccD....b...b..bccc..b...bccccc
       770 LVL:ccccbc...b...b..bccc..D...bccccc
       786 LVL:ccccbc...b...b..bccc..bbbbbbbbbb
       802 LVL:bbbbb....b...b..bccc...c..c.k...
       818 LVL:b.c......b...b..bccc............
       834 LVL:D.......cb...b..bbbbbbbbbbbbbbbb
       850 LVL:bbbbbbbbbb...b..................
       866 LVL:D............bbbbbbbbbbbbbbbbbbb
       882 LVL:b...............................
       898 LVL:................................
       914 LVL:................................
       930 LVL:................bbbbbbbbDbbbbbbb
       946 LVL:bbbb...bbbb.....bc.c..b...cb.c.c
       962 LVL:.c.b...bkkD.....bc....b....b....
       978 LVL:..cb...bbbb.....b....cbc...D....
       994 LVL:...b............bbDbDbbbbbbbbbDb
      1010 LVL:bbbb............b..b.....cccbc..
      1026 LVL:...b............b.bbbDb.....D...
      1042 LVL:...b............b.bcccbbbbbbbbbb
      1058 LVL:bbbb............b.bcccbs.....ccc
      1074 LVL:cccb............b.bcccbbbbDbbbbb
      1090 LVL:bbbb..........k.b.bbbbb..b....cb
LEVEL 2

      1106 LVL:Xb.........................bcc..
      1122 LVL:.b...........bbDbbb........bbbb.
      1138 LVL:bb...........b....b......tt.....
      1154 LVL:.............bkkkkb.....tttt....
      1170 LVL:......bbbbbb.bbbbbb......tt.....
      1186 LVL:......bccc.b....................
      1202 LVL:......bcc.........bbDbbbbbbbbbbb
      1218 LVL:bbb...bbbbbb......b..bc.........
      1234 LVL:..b.............bbb..b..bbbbbbbb
      1250 LVL:bDbbb..bbbbDb...bc..cb..b.......
      1266 LVL:b..cb..bk...b...b..bbb..b.bbbb..
      1282 LVL:bb.cb..bk...b...b..b...cbDbcsbb.
      1298 LVL:.b..b..bbbDbbb..b..bDbbbbcccccb.
      1314 LVL:.b..b....bc..b..b..b...cbcccbbb.
      1330 LVL:.b..b....bcc.b..b..bbb..bbbbb...
      1346 LVL:bb..b....bbbDb..bc..cb.........b
      1362 LVL:b..cb....b...b..bbb..bbbbbbbbbbb
      1378 LVL:..bbb..bbb..cb....b.............
      1394 LVL:.cb....bkk.ccb....bbbbbbbbbbbbbb
      1410 LVL:bbb....bbbbbbb..................
      1426 LVL:............................bbbb
      1442 LVL:bb..........................bccc
      1458 LVL:.b....bbbbb......bbbbb....bbbbb.
      1474 LVL:.b....bcccbb.....bkkkb....bccc..
      1490 LVL:.bbbbbbcc..D.....bkkkD....bccc..
      1506 LVL:.D.........b.....bbbbbbDbbbbbbbb
      1522 LVL:bbbbbbbbbb.bb....bcc....cbcccccc
      1538 LVL:kbcccccccb..b....b...ccccbccc...
      1554 LVL:kbc...cccbb.bb...b.bbbbbbbbDbbbb
      1570 LVL:bbbDbbbbbbc..b...bcccccccc..bccc
      1586 LVL:ccc......D..cb...bbbbbbbbbbbbbbb
      1602 LVL:bbbbbbbbbbbbbb.............bccc.
LEVEL 3

      1618 LVL:Xttt.t..bcccB.................tt
      1634 LVL:tttt..t.bbbbbbbbb...t.t.t.t...tt
      1650 LVL:tttt.........................ttt
      1666 LVL:ttt...t............kt.t.t.t..t..
      1682 LVL:.....t..........................
      1698 LVL:....................t.t.t.t.....
      1714 LVL:................................
      1730 LVL:................................
      1746 LVL:................tttt............
      1762 LVL:..............ttttttt...........
      1778 LVL:............ttttttttttt.........
      1794 LVL:...........ttttttttttt..........
      1810 LVL:...........tttt..k.ttttttt......
      1826 LVL:........ttttttttttttttttt.......
      1842 LVL:.......tt.ttttttttttttttt.......
      1858 LVL:....tttttttttttttttttttttt......
      1874 LVL:...ttttttttttttttttttttttt......
      1890 LVL:.bbbbbbbbbbbbbbbbbbbbbbbtt......
      1906 LVL:.D.D..D.....BBBBBBBBBBBbttt.....
      1922 LVL:.bbbbbb...ccBBBBBBBBBBBbtt......
      1938 LVL:..ttttb.cc..BBBBBBBBBBBbttt.....
      1954 LVL:...tttb.....BBBBBBBsBBBb.ttt....
      1970 LVL:....ttbcccc.BBBBBBBBBBBbt.......
      1986 LVL:.....tb.....BBBBBBBBBBBb........
      2002 LVL:......b..cc.BBBBBBBBBBBb........
      2018 LVL:......b.....BBBBBBBBBBBb........
      2034 LVL:......bbbbbbbbbbbbbbbbbb........
      2050 LVL:t.t.....bcccbcccb..............t
      2066 LVL:........bcckbcccb.............tt
      2082 LVL:ttt.....bcccbcccb...t.t.t.t...tt
      2098 LVL:tttt....bcccbcccb.............tt
      2114 LVL:tttt....bccbbbWbb...t.t.t.t..ttt
LEVEL 4

      2130 LVL:X..kb...........bbDbbbbbbbbbbbbb
      2146 LVL:....b...........b..bcccccccccccb
      2162 LVL:bbDbb...........b..bcccccccccccb
      2178 LVL:k...b...........b..bcccccccccccb
      2194 LVL:k...b...........bDbbbbbbbbbbcccb
      2210 LVL:....b...........b...ccccWWWWcccb
      2226 LVL:....b...ttttt...b..cccccWWWWcccb
      2242 LVL:bbDbb....ttttt..b..cccccWWWWcccb
      2258 LVL:........ttttt...bbDbbbbbbbbbbbbb
      2274 LVL:........ttttttttt...............
      2290 LVL:........WWWWWWttt...............
      2306 LVL:........WWWkWWtttt..............
      2322 LVL:......ttWWWWWWttt...............
      2338 LVL:......ttWWWWWWtttt..............
      2354 LVL:.....tttWWWWWWttttt.............
      2370 LVL:.....tttWWkWWWttt...............
      2386 LVL:.....tttWWWWWWttt...............
      2402 LVL:.....ttttttttttttt..............
      2418 LVL:......tt........................
      2434 LVL:................................
      2450 LVL:..........tttttttttttttttttttttt
      2466 LVL:................................
      2482 LVL:..........ttttttbbbbttttttttttkt
      2498 LVL:................bccb............
      2514 LVL:................bccD............
      2530 LVL:..........ttttttbbbbtttttttttttt
      2546 LVL:t...............................
      2562 LVL:................................
      2578 LVL:..........ttttttttttttttttttttt.
      2594 LVL:................................
      2610 LVL:................bbbbbbbbbbbbbbbb
      2626 LVL:bbbbb...........b.............sb
EXTRA 5

      2642 LVL:XMWWkM
      2644 END!