Caves and Scrolls level decompiler.(c)2024 Chris Busch

         0 STR:**TI85**
FOUND: 0 '**TI85**'

         8 HEX:1A 0C 00 
        11 STR:Machine code stored as a string.       ZS4
FOUND: 1 'Machine code stored as a string.       ZS4'

        53 HEX:CB 05 0A 00 BD 05 0C 06 
        61 STR:tbmaze
FOUND: 2 'tbmaze'

FOUND COMMENT:'tbmaze'

        67 HEX:BD 05 BB 05 00 FD 0C 
        74 STR:TBMaze   LVL
FOUND: 3 'TBMaze   LVL'

86 Will look for levelandnum at 108

$T="TBMaze   LVL";ZShell name

        86 HEX:00 
        87 STR:*<
        89 HEX:8C 11 07 01 19 
        94 STR:"
        95 HEX:E2 80 
        97 STR:*<
        99 HEX:8C 11 B7 01 19 
       104 STR:"
       105 HEX:DF 80 
       107 STR:*<
       109 HEX:8C 11 06 01 
Finding random trees setting:25
19 
       114 STR:~2
       116 HEX:E1 80 CD 09 8C 08 
       122 STR:!
       123 HEX:02 00 11 C6 00 CD 0F 8C A1 00 CD BE 01 FE 00 
       138 STR:(
       139 HEX:F9 CD 0F 8C 
       143 STR:H
       144 HEX:00 C9 11 BD 00 
       149 STR:*<
       151 HEX:8C 19 
       153 STR:~<<G
FOUND: 4 '~<<G'

       157 HEX:11 83 80 
       160 STR:~
       161 HEX:12 13 
       163 STR:#
       164 HEX:10 FA D7 
       167 STR:8$*<
FOUND: 5 '8$*<'

       171 HEX:8C E5 
       173 STR:!
       174 HEX:05 00 19 
       177 STR:"<
       179 HEX:8C 11 0E 00 19 
       184 STR:~
       185 HEX:FE 
       186 STR:v(
       188 HEX:06 E1 
       190 STR:"<
       192 HEX:8C 18 0A CD 0F 8C 0E 00 E1 
       201 STR:"<
       203 HEX:8C C9 
       205 STR:!
       206 HEX:06 00 11 B6 00 CD 0F 8C A1 00 
       216 STR:!
       217 HEX:07 00 11 BE 00 CD 0F 8C A1 00 CD BE 01 FE 00 
       232 STR:(
       233 HEX:F9 C9 
       235 STR:"
       236 HEX:0C 80 
       238 STR:*<
       240 HEX:8C 19 CD 09 8C 0B C9 ED 
       248 STR:C
       249 HEX:0C 80 CD 09 8C 09 C9 
       256 STR:NEEDS:
FOUND: 6 'NEEDS:'

       262 HEX:00 07 
       264 STR:SENGINE
Scrolls level detected.

FOUND: 7 'SENGINE'

       271 HEX:00 
       272 STR:RazorTB's Mazelvls   Scrolls LVL - C BuschLVL v3.1     (C) 1996
Found 'RazorTB's Mazelvls   Scrolls LVL - C BuschLVL v3.1     (C) 1996' at 334
$S="RazorTB's Mazelvls   "  ;Story Title
$A="Scrolls LVL - C Busch"  ;
$P="LVL v3.1     (C)"  ;high score line

FOUND: 8 'RazorTB's Mazelvls   Scrolls LVL - C BuschLVL v3.1     (C) 1996'

       335 HEX:00 01 
#.0  ;blank PIC 0
       337 BIN:........b 00h   0d
       338 BIN:........b 00h   0d
       339 BIN:........b 00h   0d
       340 BIN:........b 00h   0d
       341 BIN:........b 00h   0d
       342 BIN:........b 00h   0d
       343 BIN:........b 00h   0d
       344 BIN:........b 00h   0d

#P0  ;Player PIC 1
       345 BIN:..XXXX..b 3Ch  60d
       346 BIN:.X.XX.X.b 5Ah  90d
       347 BIN:..X..X..b 24h  36d
       348 BIN:X..XX...b 98h 152d
       349 BIN:XXXXXXXXb FFh 255d
       350 BIN:...XX..Xb 19h  25d
       351 BIN:..X..X..b 24h  36d
       352 BIN:.XX..XXXb 67h 103d

#M0  ;patrolling Monster PIC 2
       353 BIN:.X....X.b 42h  66d
       354 BIN:..X..X..b 24h  36d
       355 BIN:.X.XX.X.b 5Ah  90d
       356 BIN:..X..X..b 24h  36d
       357 BIN:...XX...b 18h  24d
       358 BIN:XXXXXXXXb FFh 255d
       359 BIN:...XX...b 18h  24d
       360 BIN:.XX..XX.b 66h 102d

#m0  ;seeker monster PIC 3
       361 BIN:......X.b 02h   2d
       362 BIN:..XXXX..b 3Ch  60d
       363 BIN:.X.XX.X.b 5Ah  90d
       364 BIN:..X..X..b 24h  36d
       365 BIN:...XX..Xb 19h  25d
       366 BIN:XXXXXXXXb FFh 255d
       367 BIN:...XX...b 18h  24d
       368 BIN:.XX..XX.b 66h 102d

#c0  ;coin PIC 4
       369 BIN:......X.b 02h   2d
       370 BIN:..XXX..Xb 39h  57d
       371 BIN:.X.X.X..b 54h  84d
       372 BIN:X.X.X.X.b AAh 170d
       373 BIN:.X.X.X..b 54h  84d
       374 BIN:..X.X...b 28h  40d
       375 BIN:...X....b 10h  16d
       376 BIN:........b 00h   0d

#s0  ;scroll PIC 5
       377 BIN:.XXXXXX.b 7Eh 126d
       378 BIN:X.X....Xb A1h 161d
       379 BIN:..X.XX.Xb 2Dh  45d
       380 BIN:.X....X.b 42h  66d
       381 BIN:.X.XX.X.b 5Ah  90d
       382 BIN:X....X..b 84h 132d
       383 BIN:X....X.Xb 85h 133d
       384 BIN:.XXXXXX.b 7Eh 126d

#f0  ;fire PIC 6
       385 BIN:........b 00h   0d
       386 BIN:.X....X.b 42h  66d
       387 BIN:....X...b 08h   8d
       388 BIN:.X.X.X.Xb 55h  85d
       389 BIN:.X.XX..Xb 59h  89d
       390 BIN:..X.XXX.b 2Eh  46d
       391 BIN:..XXXX..b 3Ch  60d
       392 BIN:...XX...b 18h  24d

#F0  ;bomb PIC 7
       393 BIN:........b 00h   0d
       394 BIN:....X...b 08h   8d
       395 BIN:...X....b 10h  16d
       396 BIN:...XX...b 18h  24d
       397 BIN:..X.XX..b 2Ch  44d
       398 BIN:..XXXX..b 3Ch  60d
       399 BIN:...XX...b 18h  24d
       400 BIN:........b 00h   0d

#B0  ;bullet PIC 8
       401 BIN:........b 00h   0d
       402 BIN:........b 00h   0d
       403 BIN:...XX...b 18h  24d
       404 BIN:..X.XX..b 2Ch  44d
       405 BIN:..XXXX..b 3Ch  60d
       406 BIN:...XX...b 18h  24d
       407 BIN:........b 00h   0d
       408 BIN:........b 00h   0d

#S0  ;splat PIC 9
       409 BIN:........b 00h   0d
       410 BIN:...X....b 10h  16d
       411 BIN:....X.X.b 0Ah  10d
       412 BIN:..X.....b 20h  32d
       413 BIN:.....X..b 04h   4d
       414 BIN:.X....X.b 42h  66d
       415 BIN:...X.X..b 14h  20d
       416 BIN:........b 00h   0d

#t0  ;tree PIC 10
       417 BIN:........b 00h   0d
       418 BIN:...XXX..b 1Ch  28d
       419 BIN:..X.X.X.b 2Ah  42d
       420 BIN:.X.X.X.Xb 55h  85d
       421 BIN:..X.X.X.b 2Ah  42d
       422 BIN:...XXX..b 1Ch  28d
       423 BIN:...XX...b 18h  24d
       424 BIN:..XXXX..b 3Ch  60d

#b0  ;brick PIC 11
       425 BIN:.X...X..b 44h  68d
       426 BIN:XXXXXXXXb FFh 255d
       427 BIN:...X...Xb 11h  17d
       428 BIN:XXXXXXXXb FFh 255d
       429 BIN:.X...X..b 44h  68d
       430 BIN:XXXXXXXXb FFh 255d
       431 BIN:...X...Xb 11h  17d
       432 BIN:XXXXXXXXb FFh 255d

#D0  ;door PIC 12
       433 BIN:..XXXX..b 3Ch  60d
       434 BIN:XX....XXb C3h 195d
       435 BIN:X......Xb 81h 129d
       436 BIN:X...XX.Xb 8Dh 141d
       437 BIN:X...XX.Xb 8Dh 141d
       438 BIN:X......Xb 81h 129d
       439 BIN:X......Xb 81h 129d
       440 BIN:XXXXXXXXb FFh 255d

#k0  ;key PIC 13
       441 BIN:........b 00h   0d
       442 BIN:..XXX...b 38h  56d
       443 BIN:.X...X..b 44h  68d
       444 BIN:..XXX...b 38h  56d
       445 BIN:...X....b 10h  16d
       446 BIN:...XX...b 18h  24d
       447 BIN:...X....b 10h  16d
       448 BIN:...XX...b 18h  24d

#.1  ;blank PIC 14
       449 BIN:........b 00h   0d
       450 BIN:........b 00h   0d
       451 BIN:........b 00h   0d
       452 BIN:........b 00h   0d
       453 BIN:........b 00h   0d
       454 BIN:........b 00h   0d
       455 BIN:........b 00h   0d
       456 BIN:........b 00h   0d

#P1  ;Player PIC 15
       457 BIN:..XXXX..b 3Ch  60d
       458 BIN:.X.XX.X.b 5Ah  90d
       459 BIN:..X..X..b 24h  36d
       460 BIN:...XX..Xb 19h  25d
       461 BIN:XXXXXXXXb FFh 255d
       462 BIN:X..XX...b 98h 152d
       463 BIN:..X..X..b 24h  36d
       464 BIN:XXX..XX.b E6h 230d

#M1  ;patrolling Monster PIC 16
       465 BIN:........b 00h   0d
       466 BIN:..X..X..b 24h  36d
       467 BIN:.X.XX.X.b 5Ah  90d
       468 BIN:..X..X..b 24h  36d
       469 BIN:X..XX..Xb 99h 153d
       470 BIN:.XXXXXX.b 7Eh 126d
       471 BIN:...XX...b 18h  24d
       472 BIN:.XX..XX.b 66h 102d

#m1  ;seeker monster PIC 17
       473 BIN:.X......b 40h  64d
       474 BIN:..XXXX..b 3Ch  60d
       475 BIN:.X.XX.X.b 5Ah  90d
       476 BIN:..X..X..b 24h  36d
       477 BIN:X..XX...b 98h 152d
       478 BIN:XXXXXXXXb FFh 255d
       479 BIN:...XX...b 18h  24d
       480 BIN:.XX..XXXb 67h 103d

#c1  ;coin PIC 18
       481 BIN:.......Xb 01h   1d
       482 BIN:..XXX.X.b 3Ah  58d
       483 BIN:.X.X.X..b 54h  84d
       484 BIN:X.X.X.X.b AAh 170d
       485 BIN:.X.X.X..b 54h  84d
       486 BIN:..X.X...b 28h  40d
       487 BIN:...X....b 10h  16d
       488 BIN:........b 00h   0d

#s1  ;scroll PIC 19
       489 BIN:.XXXXXX.b 7Eh 126d
       490 BIN:X.X....Xb A1h 161d
       491 BIN:..X....Xb 21h  33d
       492 BIN:.X.XX.X.b 5Ah  90d
       493 BIN:.X....X.b 42h  66d
       494 BIN:X.XX.X..b B4h 180d
       495 BIN:X....X.Xb 85h 133d
       496 BIN:.XXXXXX.b 7Eh 126d

#f1  ;fire PIC 20
       497 BIN:........b 00h   0d
       498 BIN:...X....b 10h  16d
       499 BIN:..X..X.Xb 25h  37d
       500 BIN:X..X.X..b 94h 148d
       501 BIN:.X.XX.XXb 5Bh  91d
       502 BIN:.XX.X.X.b 6Ah 106d
       503 BIN:..XX.X..b 34h  52d
       504 BIN:...XXX..b 1Ch  28d

#F1  ;bomb PIC 21
       505 BIN:....X...b 08h   8d
       506 BIN:...X....b 10h  16d
       507 BIN:....X...b 08h   8d
       508 BIN:...XX...b 18h  24d
       509 BIN:..X.XX..b 2Ch  44d
       510 BIN:..XXXX..b 3Ch  60d
       511 BIN:...XX...b 18h  24d
       512 BIN:........b 00h   0d

LEVEL 1

       513 LVL:X.bbbbbbbbbbbbbbbbbbbbbbbbbbbbbb
       529 LVL:b....................b........Db
       545 LVL:bbbbbb.bbbbbbb.bbbbb.bbb.bcccb.b
       561 LVL:bccccb.bbbbbbb.b...b...bkbcccb.b
       577 LVL:bccccb.b.......b...b...b.bcccb.b
       593 LVL:bccccb.b.bbbbbbb....bbbb.b..kb.b
       609 LVL:bccccbkb.bbbbbbbbbbb.....bbbbb.b
       625 LVL:bccFcbbb...........b.........b.b
       641 LVL:bcccccccbbbbbbbbbb.bbbbb.b...b.b
       657 LVL:bccccccccb.bkkkkkb.bcccb.bcccb.b
       673 LVL:bccccccccb......kb.bcccb.bcccb.b
       689 LVL:bccccccccb.bbbbbkb.bcccb.bcccb.b
       705 LVL:bccccbbbbbDbbbbbbb.bcccb.bcccb.b
       721 LVL:bcccccccD..........bcccb.bcccb.b
       737 LVL:bccccccccb..bbbbbbbbccFb.bcckb.b
       753 LVL:bcccccccccb..bcccccccccb.bbbbb.b
       769 LVL:bccccccccccb..bccccccccb.....b.b
       785 LVL:bcccFcccccccb..bcccccccb.b...b.b
       801 LVL:bcccccccDbcccb..bccccccb.bcccb.b
       817 LVL:bccccccbccbcccb..bcccccb.bbbbb.b
       833 LVL:bccccccbcccbcccb.Dbbbb.bDb...b.b
       849 LVL:bccccccbccccbcccb............b.b
       865 LVL:bccccccbccbbbccccbbbbbbbbb...b.b
       881 LVL:bccccccbcbccccccccccccccccb..b.b
       897 LVL:bccccccbcbccccccccccccccccb..b.b
       913 LVL:bccccccbcbbbbbbbbbbbbbbbbbb..b.b
       929 LVL:bccccccbccccccccccccccccccD..b.b
       945 LVL:bccccccbcccccFccccccccccccb..b.b
       961 LVL:bcccFccbccccccccccccccccccbk.b.b
       977 LVL:bccccccbbbbbbbbbbbbbbbbbbbbbb.Db
       993 LVL:bccccccccccccccccccccFccccccccsb
      1009 LVL:bbbbbbbbbbbbbbbbbbbbbbbbbbbbbbbb
LEVEL 2

      1025 LVL:X.bbbbbbbbbbbbbbbbbbbbbbbbbbbbbb
      1041 LVL:b..............................b
      1057 LVL:bbbbbbbbbbbbbbbbbbbbbbbbbbbbbb.b
      1073 LVL:bccccccccccccccccccccccccccccccb
      1089 LVL:b.bbbbbbbbbbbbbbbbbbbbbbbbbbbbbb
      1105 LVL:b..............................b
      1121 LVL:bbbbbbbbbbbbbbbbbbbbbbbbbbbbbbcb
      1137 LVL:bcccccb.....b...........sb...bcb
      1153 LVL:bccb..b..b..b..b.......Mb..b.bcb
      1169 LVL:bccb..b..b..b..b.......b..b..bcb
      1185 LVL:bccb..b..b..b..b......b..b..bbcb
      1201 LVL:bccb..b..b..b..b.....b..b..b.bcb
      1217 LVL:bccb..b..b..b..b....b..b..b..bcb
      1233 LVL:bccb..b..b..b..b...b..b..b...bcb
      1249 LVL:bccb..b..b..b..b..b..b..b..b.bcb
      1265 LVL:bccb..b..b..b..b.b..b..b..b..bcb
      1281 LVL:bccb..b..b..b..bb..b..b..b..bbcb
      1297 LVL:bccb..b..b..b..b..b..b..b..b.bcb
      1313 LVL:bccb..b..b....b..b..b..b..b..bcb
      1329 LVL:bccb..b..b...b..b..b..b..b...bcb
      1345 LVL:bccb..b..b..b..b..b..b..b..b.bcb
      1361 LVL:bccbccbccbcb..b..b..b..b..b..bcb
      1377 LVL:bccbccbccbb..b..b..b..b..b..bbcb
      1393 LVL:bccbccbccb..b..b..b..b..b..b.bcb
      1409 LVL:bccbccccb..b..b..b..b..b..b..bcb
      1425 LVL:bccbcccb..b..b..b..b..b..b...bcb
      1441 LVL:bccbccb..b..b..b..b..b..b..b.bcb
      1457 LVL:bccbcb..b..b..b..b..b..b..b..bcb
      1473 LVL:bccbb..b..b..b..b..b..b..b...bcb
      1489 LVL:bccb..b..b..b..b..b..b..b....bcb
      1505 LVL:bccccb.....bcccccb.....b......cb
      1521 LVL:bbbbbbbbbbbbbbbbbbbbbbbbbbbbbbbb
LEVEL 3

      1537 LVL:XMWcktWARNING TOO MUCH DATA NEAR END

      1539 END!