Caves and Scrolls level decompiler.(c)2024 Chris Busch

         0 STR:**TI85**
FOUND: 0 '**TI85**'

         8 HEX:1A 0C 00 
        11 STR:Machine code stored as a string.       ZS4
FOUND: 1 'Machine code stored as a string.       ZS4'

        53 HEX:1A 0A 08 00 0E 0A 0C 04 
        61 STR:tomb
FOUND: 2 'tomb'

FOUND COMMENT:'tomb'

        65 HEX:0E 0A 0C 0A 00 FD 0C 
        72 STR:Tomb     LVL
FOUND: 3 'Tomb     LVL'

84 Will look for levelandnum at 106

$T="Tomb     LVL";ZShell name

        84 HEX:00 
        85 STR:*<
        87 HEX:8C 11 
        89 STR:X
        90 HEX:01 19 
        92 STR:"
        93 HEX:E2 80 
        95 STR:*<
        97 HEX:8C 11 08 02 19 
       102 STR:"
       103 HEX:DF 80 
       105 STR:>
4 ;suspected number of levels

       106 HEX:03 
       107 STR:2
       108 HEX:E1 80 
       110 STR:>
Finding random trees setting:1

       111 HEX:01 
       112 STR:2
       113 HEX:E4 80 
       115 STR:!
       116 HEX:00 00 
       118 STR:"y
       120 HEX:81 CD 09 8C 08 
       125 STR:!
       126 HEX:02 00 11 03 01 CD 0F 8C DE 00 CD BE 01 FE 00 
       141 STR:(
       142 HEX:F9 CD 0F 8C 85 00 DD 
       149 STR:*<
       151 HEX:8C 11 
       153 STR:,
       154 HEX:00 DD 19 DD 
       158 STR:n
       159 HEX:00 DD 
       161 STR:f
       162 HEX:01 ED 
       164 STR:[y
       166 HEX:81 CD 8E 00 D0 DD 
       172 STR:s
       173 HEX:00 DD 
       175 STR:r
       176 HEX:01 
       177 STR::k
       179 HEX:8A B7 
       181 STR:(
       182 HEX:10 
       183 STR:*<
       185 HEX:8C 11 
       187 STR:=
       188 HEX:01 19 11 
       191 STR:k
       192 HEX:8A EB 01 03 00 ED B0 
       199 STR:!@
       201 HEX:8C CB C6 C9 11 FA 00 
       208 STR:*<
       210 HEX:8C 19 
       212 STR:~<<G
FOUND: 4 '~<<G'

       216 HEX:11 83 80 
       219 STR:~
       220 HEX:12 13 
       222 STR:#
       223 HEX:10 FA D7 
       226 STR:8$*<
FOUND: 5 '8$*<'

       230 HEX:8C E5 
       232 STR:!
       233 HEX:05 00 19 
       236 STR:"<
       238 HEX:8C 11 0E 00 19 
       243 STR:~
       244 HEX:FE 
       245 STR:v(
       247 HEX:06 E1 
       249 STR:"<
       251 HEX:8C 18 0A CD 0F 8C 0E 00 E1 
       260 STR:"<
       262 HEX:8C C9 
       264 STR:!
       265 HEX:06 00 11 F3 00 CD 0F 8C DE 00 
       275 STR:!
       276 HEX:07 00 11 FB 00 CD 0F 8C DE 00 CD BE 01 FE 00 
       291 STR:(
       292 HEX:F9 C9 
       294 STR:"
       295 HEX:0C 80 
       297 STR:*<
       299 HEX:8C 19 CD 09 8C 0B C9 ED 
       307 STR:C
       308 HEX:0C 80 CD 09 8C 09 C9 
       315 STR:NEEDS:
FOUND: 6 'NEEDS:'

       321 HEX:00 07 
       323 STR:SENGINE
Scrolls level detected.

FOUND: 7 'SENGINE'

       330 HEX:00 
       331 STR:  Tomb Archaelogist  by  Christopher Busch  Top player is you. SLVL4.0(C)1996 CBusch
Found '  Tomb Archaelogist  by  Christopher Busch  Top player is you. SLVL4.0(C)1996 CBusch' at 414
$S="  Tomb Archaelogist  "  ;Story Title
$A="by  Christopher Busch"  ;
$P="  Top player is "  ;high score line

FOUND: 8 '  Tomb Archaelogist  by  Christopher Busch  Top player is you. SLVL4.0(C)1996 CBusch'

       415 HEX:00 
#.0  ;blank PIC 0
       416 BIN:........b 00h   0d
       417 BIN:........b 00h   0d
       418 BIN:........b 00h   0d
       419 BIN:........b 00h   0d
       420 BIN:........b 00h   0d
       421 BIN:........b 00h   0d
       422 BIN:........b 00h   0d
       423 BIN:........b 00h   0d

#P0  ;Player PIC 1
       424 BIN:..XXX...b 38h  56d
       425 BIN:.X.X.X..b 54h  84d
       426 BIN:..XXX...b 38h  56d
       427 BIN:...X....b 10h  16d
       428 BIN:XXXXXX..b FCh 252d
       429 BIN:..XXX.X.b 3Ah  58d
       430 BIN:.XX.X...b 68h 104d
       431 BIN:..X.XX..b 2Ch  44d

#M0  ;patrolling Monster PIC 2
       432 BIN:........b 00h   0d
       433 BIN:..XXXX..b 3Ch  60d
       434 BIN:.X.XX.X.b 5Ah  90d
       435 BIN:.XXXXXX.b 7Eh 126d
       436 BIN:..XXXX..b 3Ch  60d
       437 BIN:..X..X..b 24h  36d
       438 BIN:...XX...b 18h  24d
       439 BIN:........b 00h   0d

#m0  ;seeker monster PIC 3
       440 BIN:..X.....b 20h  32d
       441 BIN:.XX.....b 60h  96d
       442 BIN:..X.....b 20h  32d
       443 BIN:..X.....b 20h  32d
       444 BIN:.X....X.b 42h  66d
       445 BIN:.X...X..b 44h  68d
       446 BIN:..XXX...b 38h  56d
       447 BIN:........b 00h   0d

#c0  ;coin PIC 4
       448 BIN:........b 00h   0d
       449 BIN:...XX...b 18h  24d
       450 BIN:..X..X..b 24h  36d
       451 BIN:...XX...b 18h  24d
       452 BIN:.XXXXXX.b 7Eh 126d
       453 BIN:...XX...b 18h  24d
       454 BIN:...XX...b 18h  24d
       455 BIN:........b 00h   0d

#s0  ;scroll PIC 5
       456 BIN:...XX...b 18h  24d
       457 BIN:..XXXX..b 3Ch  60d
       458 BIN:...XX...b 18h  24d
       459 BIN:XXXXXXXXb FFh 255d
       460 BIN:XX.XX.XXb DBh 219d
       461 BIN:...XX...b 18h  24d
       462 BIN:.XXXXXX.b 7Eh 126d
       463 BIN:.XX..XX.b 66h 102d

#f0  ;fire PIC 6
       464 BIN:........b 00h   0d
       465 BIN:..X.....b 20h  32d
       466 BIN:..X..X..b 24h  36d
       467 BIN:..X.XX..b 2Ch  44d
       468 BIN:..XX.X..b 34h  52d
       469 BIN:..X..X..b 24h  36d
       470 BIN:.....X..b 04h   4d
       471 BIN:........b 00h   0d

#F0  ;bomb PIC 7
       472 BIN:........b 00h   0d
       473 BIN:.X..X...b 48h  72d
       474 BIN:..XX....b 30h  48d
       475 BIN:.XXXX.X.b 7Ah 122d
       476 BIN:.XXXXXXXb 7Fh 127d
       477 BIN:.XXXX.X.b 7Ah 122d
       478 BIN:..XX....b 30h  48d
       479 BIN:.X..X...b 48h  72d

#B0  ;bullet PIC 8
       480 BIN:........b 00h   0d
       481 BIN:........b 00h   0d
       482 BIN:........b 00h   0d
       483 BIN:...XX...b 18h  24d
       484 BIN:...XX...b 18h  24d
       485 BIN:........b 00h   0d
       486 BIN:........b 00h   0d
       487 BIN:........b 00h   0d

#S0  ;splat PIC 9
       488 BIN:........b 00h   0d
       489 BIN:...X....b 10h  16d
       490 BIN:....X.X.b 0Ah  10d
       491 BIN:..X.....b 20h  32d
       492 BIN:.....X..b 04h   4d
       493 BIN:.X....X.b 42h  66d
       494 BIN:...X.X..b 14h  20d
       495 BIN:........b 00h   0d

#t0  ;tree PIC 10
       496 BIN:.X..X...b 48h  72d
       497 BIN:........b 00h   0d
       498 BIN:X..X..X.b 92h 146d
       499 BIN:........b 00h   0d
       500 BIN:..X..X..b 24h  36d
       501 BIN:........b 00h   0d
       502 BIN:.X..X...b 48h  72d
       503 BIN:........b 00h   0d

#b0  ;brick PIC 11
       504 BIN:.XXXXXX.b 7Eh 126d
       505 BIN:X......Xb 81h 129d
       506 BIN:X......Xb 81h 129d
       507 BIN:.XXXXXX.b 7Eh 126d
       508 BIN:.XXXXXX.b 7Eh 126d
       509 BIN:X......Xb 81h 129d
       510 BIN:X......Xb 81h 129d
       511 BIN:.XXXXXX.b 7Eh 126d

#D0  ;door PIC 12
       512 BIN:.XXXXXX.b 7Eh 126d
       513 BIN:X......Xb 81h 129d
       514 BIN:X..XX..Xb 99h 153d
       515 BIN:X.XXXX.Xb BDh 189d
       516 BIN:X..XX..Xb 99h 153d
       517 BIN:X..XX..Xb 99h 153d
       518 BIN:X......Xb 81h 129d
       519 BIN:.XXXXXX.b 7Eh 126d

#k0  ;key PIC 13
       520 BIN:........b 00h   0d
       521 BIN:..XXX...b 38h  56d
       522 BIN:.X...X..b 44h  68d
       523 BIN:..XXX...b 38h  56d
       524 BIN:...X....b 10h  16d
       525 BIN:...XX...b 18h  24d
       526 BIN:...X....b 10h  16d
       527 BIN:...XX...b 18h  24d

#.1  ;blank PIC 14
       528 BIN:........b 00h   0d
       529 BIN:........b 00h   0d
       530 BIN:........b 00h   0d
       531 BIN:........b 00h   0d
       532 BIN:........b 00h   0d
       533 BIN:........b 00h   0d
       534 BIN:........b 00h   0d
       535 BIN:........b 00h   0d

#P1  ;Player PIC 15
       536 BIN:..XXX...b 38h  56d
       537 BIN:.X.X.X..b 54h  84d
       538 BIN:..XXX...b 38h  56d
       539 BIN:...X....b 10h  16d
       540 BIN:.XXXXXX.b 7Eh 126d
       541 BIN:X.XXX...b B8h 184d
       542 BIN:..X.XX..b 2Ch  44d
       543 BIN:.XX.X...b 68h 104d

#M1  ;patrolling Monster PIC 16
       544 BIN:........b 00h   0d
       545 BIN:........b 00h   0d
       546 BIN:.XX..XX.b 66h 102d
       547 BIN:........b 00h   0d
       548 BIN:........b 00h   0d
       549 BIN:........b 00h   0d
       550 BIN:........b 00h   0d
       551 BIN:........b 00h   0d

#m1  ;seeker monster PIC 17
       552 BIN:........b 00h   0d
       553 BIN:..X.....b 20h  32d
       554 BIN:.XX.....b 60h  96d
       555 BIN:..X.....b 20h  32d
       556 BIN:.X....X.b 42h  66d
       557 BIN:.X....X.b 42h  66d
       558 BIN:..XXXX..b 3Ch  60d
       559 BIN:........b 00h   0d

#c1  ;coin PIC 18
       560 BIN:.X......b 40h  64d
       561 BIN:...XX..Xb 19h  25d
       562 BIN:X.X..X..b A4h 164d
       563 BIN:...XX...b 18h  24d
       564 BIN:.XXXXXX.b 7Eh 126d
       565 BIN:...XX...b 18h  24d
       566 BIN:X..XX...b 98h 152d
       567 BIN:......X.b 02h   2d

#s1  ;scroll PIC 19
       568 BIN:..XXXX..b 3Ch  60d
       569 BIN:..XXXX..b 3Ch  60d
       570 BIN:...XX...b 18h  24d
       571 BIN:XXXXXXXXb FFh 255d
       572 BIN:XX.XX.XXb DBh 219d
       573 BIN:...XX...b 18h  24d
       574 BIN:.XXXXXX.b 7Eh 126d
       575 BIN:.XX..XX.b 66h 102d

#f1  ;fire PIC 20
       576 BIN:..X.....b 20h  32d
       577 BIN:..X.....b 20h  32d
       578 BIN:..X.....b 20h  32d
       579 BIN:..X.XX..b 2Ch  44d
       580 BIN:..XX.X..b 34h  52d
       581 BIN:.....X..b 04h   4d
       582 BIN:.....X..b 04h   4d
       583 BIN:.....X..b 04h   4d

#F1  ;bomb PIC 21
       584 BIN:.X..X...b 48h  72d
       585 BIN:..XX....b 30h  48d
       586 BIN:.XXXX.X.b 7Ah 122d
       587 BIN:.XXXXXXXb 7Fh 127d
       588 BIN:.XXXX.X.b 7Ah 122d
       589 BIN:..XX....b 30h  48d
       590 BIN:.X..X...b 48h  72d
       591 BIN:........b 00h   0d

LEVEL 1

       592 LVL:X.....SbbbbbS.......BB........FF
       608 LVL:F....SbWWWWbbS..................
       624 LVL:....SbbWbbWbbbS.................
       640 LVL:...SbWWWbbWWbbbS................
       656 LVL:..SbbWbbbbbWbbbbS...............
       672 LVL:.SbbccccbcbccccbbS..............
       688 LVL:Sbbbcc.mbcbm.ccWWbS............S
       704 LVL:bbbbc...D.D...cbWbbS..........Sb
       720 LVL:bbbbcm.mbcbm.mcbWWWbSS.......Sbb
       736 LVL:bbbbbbDbbbbbDbbbbbWbbfS.....SSbb
       752 LVL:bWWWBBBBBsbffffDffffDSS......Sbb
       768 LVL:bWbbbbDbbbbbDbbbWbbbbfS.......Sb
       784 LVL:bWWbcm.mbcbm.mcbWbbbSS.........S
       800 LVL:bbWWc...D.D...cWWbbS............
       816 LVL:Sbbbcc.mbcbm.ccbbbS.............
       832 LVL:.SbbccccbcbccccbbS..............
       848 LVL:..SbbbWbbbbbbWbbS...............
       864 LVL:...SbbWWWWWWWWbS................
       880 LVL:....SbbbbbbbbbS.................
       896 LVL:.....SbbbbbbbS..................
       912 LVL:......SbbbbbS................BB.
       928 LVL:.......SbbbS.......BB........BB.
       944 LVL:........SSS........BB...........
       960 LVL:.........S......................
       976 LVL:................................
       992 LVL:................................
      1008 LVL:................................
      1024 LVL:................................
      1040 LVL:................................
      1056 LVL:.........S...................BB.
      1072 LVL:........SSS.........k........BBF
      1088 LVL:F......SbbbS........BB........FP
LEVEL 2

      1104 LVL:Xbb..bb.....tttttttt..........FF
      1120 LVL:.bb..bb......tttttt.............
      1136 LVL:................................
      1152 LVL:..............................bb
      1168 LVL:bbb..bbbbb....................bm
      1184 LVL:........mb....................b.
      1200 LVL:..b..b...b....................b.
      1216 LVL:.........b.................bbbb.
      1232 LVL:..b..b...bbbb..............bccb.
      1248 LVL:.........Wccb..............bccb.
      1264 LVL:..b..b...bccb..............bccb.
      1280 LVL:.........bccb..............bccb.
      1296 LVL:..b..b...bccb............bbbWbb.
      1312 LVL:.........bbbbbb..........bttt.b.
      1328 LVL:..b..b...b...kb..........bst.DD.
      1344 LVL:.........D....b..........btt..b.
      1360 LVL:..b..b...b....b..........bt...bm
      1376 LVL:...cc...mb...kb..........bbbbbbb
      1392 LVL:bbbbbbbbbbbbbbb.................
      1408 LVL:................................
      1424 LVL:................................
      1440 LVL:................................
      1456 LVL:................................
      1472 LVL:................................
      1488 LVL:................................
      1504 LVL:..............ttt...............
      1520 LVL:............ttttttt.............
      1536 LVL:..........tttttttttt............
      1552 LVL:.BB..BB...tttttttttt............
      1568 LVL:.BB..BB...tttttkttttt...........
      1584 LVL:...........tttttttttt.........FF
      1600 LVL:............tttttttt..........FP
LEVEL 3

      1616 LVL:X.bbcbbcbbcbbcbb..............FF
      1632 LVL:..bbcbbcbbcbbcbb................
      1648 LVL:................................
      1664 LVL:..bbcbbcbbcbbcbb................
      1680 LVL:..bbcbbcbbcbbcbb................
      1696 LVL:..tttttttttttttt................
      1712 LVL:...tttttttttttt.....bbbb........
      1728 LVL:....................DDsb........
      1744 LVL:....................bbbb........
      1760 LVL:................................
      1776 LVL:................................
      1792 LVL:................................
      1808 LVL:................................
      1824 LVL:.......B..B..................B.B
      1840 LVL:..B.............B...............
      1856 LVL:.....................B......B...
      1872 LVL:..ttttttttttttttt..............t
      1888 LVL:tttttttttttttttttttt...B.....ttt
      1904 LVL:tttttttttttttttttttttt......tttt
      1920 LVL:ttttttttttttttttttttttt....ttttt
      1936 LVL:ccccttttttttttccccttttt....ttttt
      1952 LVL:ccccttttttttttccccttttt....ttttt
      1968 LVL:cccctttkttttttccccttttt.....tttt
      1984 LVL:tttttttttttttttttttttt......tttt
      2000 LVL:ttttttttttttttttttttt........ttt
      2016 LVL:ttttttttttttttttttttt.........tt
      2032 LVL:tttttttcccctttkttttt............
      2048 LVL:tttttttcccctttttttt.............
      2064 LVL:.ttttttccccttttttt..............
      2080 LVL:.tttttttttttttttt...............
      2096 LVL:..tttttttttttttt..............FF
      2112 LVL:..tttttttttttttt..............FP
LEVEL 4

      2128 LVL:X.............................FB
      2144 LVL:F.B.............................
      2160 LVL:................................
      2176 LVL:................................
      2192 LVL:................................
      2208 LVL:....................k.......b...
      2224 LVL:...b.......k...........b........
      2240 LVL:........b.......................
      2256 LVL:................................
      2272 LVL:...........................bbbbb
      2288 LVL:bbbbbb....................bbcccc
      2304 LVL:cccccbb...................bccccc
      2320 LVL:ccccccb....b.........b....bcbbbb
      2336 LVL:bbbbccb...................bcbccc
      2352 LVL:Dccbccb...................bcbsbb
      2368 LVL:bbcbccb...................bcbbbb
      2384 LVL:bbcbccb...................bcbbcD
      2400 LVL:cccbccb..............b....bccccb
      2416 LVL:bbbbccb....b..............bbcccb
      2432 LVL:cccccbb....................bbbbb
      2448 LVL:DDbbbb.........................b
      2464 LVL:..b.............................
      2480 LVL:................................
      2496 LVL:........................b......B
      2512 LVL:..B......b......................
      2528 LVL:.............................b..
      2544 LVL:....b..........................B
      2560 LVL:..B..................k..........
      2576 LVL:..........k.....................
      2592 LVL:...............................B
      2608 LVL:..B...........................FF
      2624 LVL:F.............................FP
EXTRA 5

      2640 LVL:XbBmM.
      2642 END!