Caves and Scrolls level decompiler.(c)2024 Chris Busch

         0 STR:**TI85**
FOUND: 0 '**TI85**'

         8 HEX:1A 0C 00 
        11 STR:Machine code stored as a string.       ZS4
FOUND: 1 'Machine code stored as a string.       ZS4'

        53 HEX:19 0A 07 00 0E 0A 0C 03 
        61 STR:tut
FOUND: 2 'tut'

FOUND COMMENT:'tut'

        64 HEX:0E 0A 0C 0A 00 FD 0C 
        71 STR:KingTut  LVL
FOUND: 3 'KingTut  LVL'

83 Will look for levelandnum at 105

$T="KingTut  LVL";ZShell name

        83 HEX:00 
        84 STR:*<
        86 HEX:8C 11 
        88 STR:X
        89 HEX:01 19 
        91 STR:"
        92 HEX:E2 80 
        94 STR:*<
        96 HEX:8C 11 08 02 19 
       101 STR:"
       102 HEX:DF 80 
       104 STR:>
4 ;suspected number of levels

       105 HEX:03 
       106 STR:2
       107 HEX:E1 80 
       109 STR:>
Finding random trees setting:1

       110 HEX:01 
       111 STR:2
       112 HEX:E4 80 
       114 STR:!
       115 HEX:00 00 
       117 STR:"y
       119 HEX:81 CD 09 8C 08 
       124 STR:!
       125 HEX:02 00 11 03 01 CD 0F 8C DE 00 CD BE 01 FE 00 
       140 STR:(
       141 HEX:F9 CD 0F 8C 85 00 DD 
       148 STR:*<
       150 HEX:8C 11 
       152 STR:,
       153 HEX:00 DD 19 DD 
       157 STR:n
       158 HEX:00 DD 
       160 STR:f
       161 HEX:01 ED 
       163 STR:[y
       165 HEX:81 CD 8E 00 D0 DD 
       171 STR:s
       172 HEX:00 DD 
       174 STR:r
       175 HEX:01 
       176 STR::k
       178 HEX:8A B7 
       180 STR:(
       181 HEX:10 
       182 STR:*<
       184 HEX:8C 11 
       186 STR:=
       187 HEX:01 19 11 
       190 STR:k
       191 HEX:8A EB 01 03 00 ED B0 
       198 STR:!@
       200 HEX:8C CB C6 C9 11 FA 00 
       207 STR:*<
       209 HEX:8C 19 
       211 STR:~<<G
FOUND: 4 '~<<G'

       215 HEX:11 83 80 
       218 STR:~
       219 HEX:12 13 
       221 STR:#
       222 HEX:10 FA D7 
       225 STR:8$*<
FOUND: 5 '8$*<'

       229 HEX:8C E5 
       231 STR:!
       232 HEX:05 00 19 
       235 STR:"<
       237 HEX:8C 11 0E 00 19 
       242 STR:~
       243 HEX:FE 
       244 STR:v(
       246 HEX:06 E1 
       248 STR:"<
       250 HEX:8C 18 0A CD 0F 8C 0E 00 E1 
       259 STR:"<
       261 HEX:8C C9 
       263 STR:!
       264 HEX:06 00 11 F3 00 CD 0F 8C DE 00 
       274 STR:!
       275 HEX:07 00 11 FB 00 CD 0F 8C DE 00 CD BE 01 FE 00 
       290 STR:(
       291 HEX:F9 C9 
       293 STR:"
       294 HEX:0C 80 
       296 STR:*<
       298 HEX:8C 19 CD 09 8C 0B C9 ED 
       306 STR:C
       307 HEX:0C 80 CD 09 8C 09 C9 
       314 STR:NEEDS:
FOUND: 6 'NEEDS:'

       320 HEX:00 07 
       322 STR:SENGINE
Scrolls level detected.

FOUND: 7 'SENGINE'

       329 HEX:00 
       330 STR:       King Tut       You must find  him.   Top player is you. SLVL4.0(C)1996 CBusch
Found '       King Tut       You must find  him.   Top player is you. SLVL4.0(C)1996 CBusch' at 413
$S="       King Tut      "  ;Story Title
$A=" You must find  him. "  ;
$P="  Top player is "  ;high score line

FOUND: 8 '       King Tut       You must find  him.   Top player is you. SLVL4.0(C)1996 CBusch'

       414 HEX:00 
#.0  ;blank PIC 0
       415 BIN:........b 00h   0d
       416 BIN:........b 00h   0d
       417 BIN:........b 00h   0d
       418 BIN:........b 00h   0d
       419 BIN:........b 00h   0d
       420 BIN:........b 00h   0d
       421 BIN:........b 00h   0d
       422 BIN:........b 00h   0d

#P0  ;Player PIC 1
       423 BIN:..XXX...b 38h  56d
       424 BIN:.X.X.X..b 54h  84d
       425 BIN:..XXX...b 38h  56d
       426 BIN:...X....b 10h  16d
       427 BIN:XXXXXX..b FCh 252d
       428 BIN:..XXX.X.b 3Ah  58d
       429 BIN:.XX.X...b 68h 104d
       430 BIN:..X.XX..b 2Ch  44d

#M0  ;patrolling Monster PIC 2
       431 BIN:........b 00h   0d
       432 BIN:..XXXX..b 3Ch  60d
       433 BIN:.X.XX.X.b 5Ah  90d
       434 BIN:.XXXXXX.b 7Eh 126d
       435 BIN:..XXXX..b 3Ch  60d
       436 BIN:..X..X..b 24h  36d
       437 BIN:...XX...b 18h  24d
       438 BIN:........b 00h   0d

#m0  ;seeker monster PIC 3
       439 BIN:..X.....b 20h  32d
       440 BIN:.XX.....b 60h  96d
       441 BIN:..X.....b 20h  32d
       442 BIN:..X.....b 20h  32d
       443 BIN:.X....X.b 42h  66d
       444 BIN:.X...X..b 44h  68d
       445 BIN:..XXX...b 38h  56d
       446 BIN:........b 00h   0d

#c0  ;coin PIC 4
       447 BIN:........b 00h   0d
       448 BIN:...XX...b 18h  24d
       449 BIN:..X..X..b 24h  36d
       450 BIN:...XX...b 18h  24d
       451 BIN:.XXXXXX.b 7Eh 126d
       452 BIN:...XX...b 18h  24d
       453 BIN:...XX...b 18h  24d
       454 BIN:........b 00h   0d

#s0  ;scroll PIC 5
       455 BIN:...XX...b 18h  24d
       456 BIN:..XXXX..b 3Ch  60d
       457 BIN:...XX...b 18h  24d
       458 BIN:XXXXXXXXb FFh 255d
       459 BIN:XX.XX.XXb DBh 219d
       460 BIN:...XX...b 18h  24d
       461 BIN:.XXXXXX.b 7Eh 126d
       462 BIN:.XX..XX.b 66h 102d

#f0  ;fire PIC 6
       463 BIN:........b 00h   0d
       464 BIN:..X.....b 20h  32d
       465 BIN:..X..X..b 24h  36d
       466 BIN:..X.XX..b 2Ch  44d
       467 BIN:..XX.X..b 34h  52d
       468 BIN:..X..X..b 24h  36d
       469 BIN:.....X..b 04h   4d
       470 BIN:........b 00h   0d

#F0  ;bomb PIC 7
       471 BIN:........b 00h   0d
       472 BIN:.X..X...b 48h  72d
       473 BIN:..XX....b 30h  48d
       474 BIN:.XXXX.X.b 7Ah 122d
       475 BIN:.XXXXXXXb 7Fh 127d
       476 BIN:.XXXX.X.b 7Ah 122d
       477 BIN:..XX....b 30h  48d
       478 BIN:.X..X...b 48h  72d

#B0  ;bullet PIC 8
       479 BIN:........b 00h   0d
       480 BIN:........b 00h   0d
       481 BIN:........b 00h   0d
       482 BIN:...XX...b 18h  24d
       483 BIN:...XX...b 18h  24d
       484 BIN:........b 00h   0d
       485 BIN:........b 00h   0d
       486 BIN:........b 00h   0d

#S0  ;splat PIC 9
       487 BIN:........b 00h   0d
       488 BIN:...X....b 10h  16d
       489 BIN:....X.X.b 0Ah  10d
       490 BIN:..X.....b 20h  32d
       491 BIN:.....X..b 04h   4d
       492 BIN:.X....X.b 42h  66d
       493 BIN:...X.X..b 14h  20d
       494 BIN:........b 00h   0d

#t0  ;tree PIC 10
       495 BIN:.X..X...b 48h  72d
       496 BIN:........b 00h   0d
       497 BIN:X..X..X.b 92h 146d
       498 BIN:........b 00h   0d
       499 BIN:..X..X..b 24h  36d
       500 BIN:........b 00h   0d
       501 BIN:.X..X...b 48h  72d
       502 BIN:........b 00h   0d

#b0  ;brick PIC 11
       503 BIN:.XXXXXX.b 7Eh 126d
       504 BIN:X......Xb 81h 129d
       505 BIN:X......Xb 81h 129d
       506 BIN:.XXXXXX.b 7Eh 126d
       507 BIN:.XXXXXX.b 7Eh 126d
       508 BIN:X......Xb 81h 129d
       509 BIN:X......Xb 81h 129d
       510 BIN:.XXXXXX.b 7Eh 126d

#D0  ;door PIC 12
       511 BIN:.XXXXXX.b 7Eh 126d
       512 BIN:X......Xb 81h 129d
       513 BIN:X..XX..Xb 99h 153d
       514 BIN:X.XXXX.Xb BDh 189d
       515 BIN:X..XX..Xb 99h 153d
       516 BIN:X..XX..Xb 99h 153d
       517 BIN:X......Xb 81h 129d
       518 BIN:.XXXXXX.b 7Eh 126d

#k0  ;key PIC 13
       519 BIN:........b 00h   0d
       520 BIN:..XXX...b 38h  56d
       521 BIN:.X...X..b 44h  68d
       522 BIN:..XXX...b 38h  56d
       523 BIN:...X....b 10h  16d
       524 BIN:...XX...b 18h  24d
       525 BIN:...X....b 10h  16d
       526 BIN:...XX...b 18h  24d

#.1  ;blank PIC 14
       527 BIN:........b 00h   0d
       528 BIN:........b 00h   0d
       529 BIN:........b 00h   0d
       530 BIN:........b 00h   0d
       531 BIN:........b 00h   0d
       532 BIN:........b 00h   0d
       533 BIN:........b 00h   0d
       534 BIN:........b 00h   0d

#P1  ;Player PIC 15
       535 BIN:..XXX...b 38h  56d
       536 BIN:.X.X.X..b 54h  84d
       537 BIN:..XXX...b 38h  56d
       538 BIN:...X....b 10h  16d
       539 BIN:.XXXXXX.b 7Eh 126d
       540 BIN:X.XXX...b B8h 184d
       541 BIN:..X.XX..b 2Ch  44d
       542 BIN:.XX.X...b 68h 104d

#M1  ;patrolling Monster PIC 16
       543 BIN:........b 00h   0d
       544 BIN:........b 00h   0d
       545 BIN:.XX..XX.b 66h 102d
       546 BIN:........b 00h   0d
       547 BIN:........b 00h   0d
       548 BIN:........b 00h   0d
       549 BIN:........b 00h   0d
       550 BIN:........b 00h   0d

#m1  ;seeker monster PIC 17
       551 BIN:........b 00h   0d
       552 BIN:..X.....b 20h  32d
       553 BIN:.XX.....b 60h  96d
       554 BIN:..X.....b 20h  32d
       555 BIN:.X....X.b 42h  66d
       556 BIN:.X....X.b 42h  66d
       557 BIN:..XXXX..b 3Ch  60d
       558 BIN:........b 00h   0d

#c1  ;coin PIC 18
       559 BIN:.X......b 40h  64d
       560 BIN:...XX..Xb 19h  25d
       561 BIN:X.X..X..b A4h 164d
       562 BIN:...XX...b 18h  24d
       563 BIN:.XXXXXX.b 7Eh 126d
       564 BIN:...XX...b 18h  24d
       565 BIN:X..XX...b 98h 152d
       566 BIN:......X.b 02h   2d

#s1  ;scroll PIC 19
       567 BIN:..XXXX..b 3Ch  60d
       568 BIN:..XXXX..b 3Ch  60d
       569 BIN:...XX...b 18h  24d
       570 BIN:XXXXXXXXb FFh 255d
       571 BIN:XX.XX.XXb DBh 219d
       572 BIN:...XX...b 18h  24d
       573 BIN:.XXXXXX.b 7Eh 126d
       574 BIN:.XX..XX.b 66h 102d

#f1  ;fire PIC 20
       575 BIN:..X.....b 20h  32d
       576 BIN:..X.....b 20h  32d
       577 BIN:..X.....b 20h  32d
       578 BIN:..X.XX..b 2Ch  44d
       579 BIN:..XX.X..b 34h  52d
       580 BIN:.....X..b 04h   4d
       581 BIN:.....X..b 04h   4d
       582 BIN:.....X..b 04h   4d

#F1  ;bomb PIC 21
       583 BIN:.X..X...b 48h  72d
       584 BIN:..XX....b 30h  48d
       585 BIN:.XXXX.X.b 7Ah 122d
       586 BIN:.XXXXXXXb 7Fh 127d
       587 BIN:.XXXX.X.b 7Ah 122d
       588 BIN:..XX....b 30h  48d
       589 BIN:.X..X...b 48h  72d
       590 BIN:........b 00h   0d

LEVEL 1

       591 LVL:X.SWWWWWWWWWWWWWWWWWWWWWWWWWWWWS
       607 LVL:SSSWWWWbbbbbbbbbbWbbbbbbbbbbWWWS
       623 LVL:WWWWWWWbWWWbWWWWbWbWWccccccbWWWW
       639 LVL:WWWWWWWbWWWbWcWWbWbWWWWWcccbWWWW
       655 LVL:WWWWWWWbWcWbWWWWbWbWWWWWcccbWWWW
       671 LVL:WWWWWWWbWWWbWWWWWWbWWsWWWWWbWWWW
       687 LVL:WWbbbbbbWWWWWWWWbWbbbbbbWbbbWWWW
       703 LVL:WWbbbbbbWbbbbWbbbWbcWWWWWWWbWWWW
       719 LVL:WWbWWWbWWWbcccccbbbWWWWbbbbbWWWW
       735 LVL:WWbWWWbWWWbcccccccbWWWWbWWWbWWWW
       751 LVL:WWbWWWWWWcbcccccbWbWWWWbWWWbWWWW
       767 LVL:WWbWbbbbWWbbbbbbbbbWWWWbWWWbWWWW
       783 LVL:WWbWcWbWWWWWbWWWWWWWWWWbWWWbWWWW
       799 LVL:WWbWWWbbbbbbbWWbbbbbbbbbbWWbWWWW
       815 LVL:WWbWWWWWWWWWWWWWWWWWWWWWWWWbWWWW
       831 LVL:WWbbbbbbbbbbbbbbbbbbbbbbbbbbWWWS
       847 LVL:WWWWWWWWWWWWWWWWWWWWWWWWWWWWWWSS
       863 LVL:WWWWWWWWWWWWWWWWWWWWWWWWWWWWWWSS
       879 LVL:SWWWWWWWWWWWWWWWWWWWWWWWWWWWWSSS
       895 LVL:SSWWWWWWWWWWWWWWWWWWWWWWWWWWWSSS
       911 LVL:SSSSSSSSWWWWWWWWWWWWWWWWWWWSSSS.
       927 LVL:..SSSSSSSWWWWWWWWWWWWWSSSSS.....
       943 LVL:....SSSSSSSWWWWWSSSSSS..........
       959 LVL:.......SSSSSSSSSS...............
       975 LVL:.................SSSSSSSS.......
       991 LVL:............SSSSSWWWWWWWWS......
      1007 LVL:....SSSSSSSSWWWWWWWWWWWWWWSS....
      1023 LVL:....StWWWWWWWWWWWWWWWWWWWWWS....
      1039 LVL:....SWWWWWWWWWWWWWWWWWWWWWWS....
      1055 LVL:..SSSWWWWWWWWWWWWWWWWWWWWWWSS...
      1071 LVL:..SSWWWWWWWWWWWWWWWWWWWWWWWWSSS.
      1087 LVL:..SSWWWWW.WWWWWWWWWWWWWWWWWWWWW.
LEVEL 2

      1103 LVL:XtSSSSS......tttttttttttttttSSSS
      1119 LVL:SSSSS..........ttttWWttttttttttt
      1135 LVL:ttttttt.........tttttttttttttttt
      1151 LVL:tttttttttttttttttttttttttttttttt
      1167 LVL:ttttttttttttttttttttttWWWWWWWWWW
      1183 LVL:WWWM.MWWWWWWWWWWWWWWttWbbbbbbbbb
      1199 LVL:bbbbDbbbbbbbbbbbbbbWttWbcccccccc
      1215 LVL:ccccccccccccccccccbWttWbcccccccc
      1231 LVL:cccckcccccccccccccbWttWbcccccccc
      1247 LVL:ccccccccccccccccccbWttWbcccccccc
      1263 LVL:ccccccccccccccccccbWttWbcccccccc
      1279 LVL:ccccccccccccccccccbWttmbcccccccc
      1295 LVL:ccccccccccccccccccbWtt.Dcckcccsc
      1311 LVL:ccccccccccccccccccbMttmbcccccccc
      1327 LVL:cccccccccccccccckcD.ttWbcccccccc
      1343 LVL:ccccccccccccccccccbMttWbcccccccc
      1359 LVL:ccccccccccccccccccbWttWbcccccccc
      1375 LVL:ccccccccccccccccccbWttWbcccccccc
      1391 LVL:ccccccccccccccccccbWttWbcccccccc
      1407 LVL:cccckcccccccccccccbWttWbcccccccc
      1423 LVL:ccccccccccccccccccbWttWbcccccccc
      1439 LVL:ccccccccccccccccccbWttWbbbbbbWbb
      1455 LVL:bbbbDbbbbbbbbbbbbbbWttWWWWWWWWWW
      1471 LVL:WWWm.mWWWWWWWWWWWWWWtttttttttttt
      1487 LVL:tttttttttttttttttttttttttttttttt
      1503 LVL:tttttttttttttttttttttttttttttttt
      1519 LVL:ttttttttttttttttttttttttSSSSSSSS
      1535 LVL:SSSSSSSSSSSStttttttttttttttttSSS
      1551 LVL:SSSSSSSSSSttttttttttttttttttSSSS
      1567 LVL:SSSSSSSSSStttttttttttttttttttttt
      1583 LVL:SSSSSSSSSSSSSSSSSttttttttSSSSSSS
      1599 LVL:SSSSSSSSSSStttttttttttttttttWttc
LEVEL 3

      1615 LVL:XWWWWWWWWWWWWWWWWWWWWWWWWWWWWWWW
      1631 LVL:WWWWWWWWWWWWWWWWWWWWWWWWWWWWWWWW
      1647 LVL:WW......................WWWWWWWW
      1663 LVL:WWWWWWWWWWWWWWWWWWWWWWW.WWWWWWWW
      1679 LVL:WWWW.........................WWW
      1695 LVL:WWWWWWWWWWW.WWWWWWWWWWWWWWWWWWWW
      1711 LVL:W............................WWW
      1727 LVL:WWWWWWWWWW.WWWWWWWWWWWWWWWWWWWWW
      1743 LVL:WWWWWWWWWW.WWWWWWWWWWWWWWWWWWWWW
      1759 LVL:WWW........................WWWWW
      1775 LVL:WWWWWWWWW.WWWW.ffffffffffffWWWWW
      1791 LVL:WWkWWWWW..WWWW.WWffffffffffWWWWW
      1807 LVL:WWWWWWWW.WWWWW.WWffffffffffWWWWW
      1823 LVL:WWWWWWWW.WWWWW.WffffffsffffWWWWW
      1839 LVL:.................ffffffffff....W
      1855 LVL:WWWWWWWW........WWfffffffffWWWWW
      1871 LVL:WW........WWW.WWWWWffffffffWWWWW
      1887 LVL:WWWWWWWWWWWWW.WWWWWWWfffffWWWWWW
      1903 LVL:WWWWWWWWWWWWW.WWWWWWWWWWWWWWWWWW
      1919 LVL:WWWWWWWWWWWWW.WWWWWWWWWWWWWWWWWW
      1935 LVL:WWW.....................bbbbbbWW
      1951 LVL:WWWWWWWWWWWWW.WWWWWWWWWWbccccbWW
      1967 LVL:WWWWWWWWWWWW.WWWWWWWWWWWbccccbWW
      1983 LVL:WWWWWWWWWWWW.WWWWWWWWWWWDccccbWW
      1999 LVL:WWWWW...................bccccbWW
      2015 LVL:WWWWWWWWWWWWWWWWWWWW.WWWbccccbWW
      2031 LVL:WWWWWWWWWWWWWWWWWWWW.WWWbccccbWW
      2047 LVL:WWWWWWWWWWWW............bccccbWW
      2063 LVL:WWWWWWWWWWWWWWWWWWW.WWWWbccccbWW
      2079 LVL:WWW...................WWbbbbbbWW
      2095 LVL:WWWWWWWWWWWWWWWWWWWWWWWWWWWWWWWW
      2111 LVL:WWWWWWWWWWWWWWWWWWWWWWWWWWWWWWWW
LEVEL 4

      2127 LVL:X.............................WW
      2143 LVL:WWWWWWWWWWWWWWWWWWWWWWWWWWWWWWbb
      2159 LVL:bbbbbbbbbbbbbbbbbbbbbbbbbbbbbb..
      2175 LVL:.k......WWWWWWWWWWWWWWWWWWWWWW..
      2191 LVL:c.....WWWWWWWcWWcWWWWWWWWWWWWWW.
      2207 LVL:.....WWWWWWWWWWWWWWWWWWWWWWWWWWW
      2223 LVL:WWWWWWWcWWWWWWWWWWWWWWWWWcWWWWbb
      2239 LVL:bbbbbbbbbbbbbbbbbbbbbb.bbbbbbbWW
      2255 LVL:WWWWWWWWWWWWWWWWWWWWWWWWWWWWWWWW
      2271 LVL:WWcWWWWWWWWWWWWWWcWWWWWWWWWWWWWW
      2287 LVL:WWWWWWWWWWWWWWWWWWWWWWWWWcWWWWbb
      2303 LVL:.bbbbbbbbbbbbbbbbbbbbbbbbbbbbbWW
      2319 LVL:WWWWWWWWWWWWWWWWWWWWWWWWWWWWWbWW
      2335 LVL:WWWWbbbbbbbWWWWWWWcWWWWWWWWcWWWW
      2351 LVL:WWWbbcccccbbbWWWWWWWWWWWWWWWWWbb
      2367 LVL:bbbbcccsccccbbbbbbbb.bbbbbbbbbWW
      2383 LVL:WbbccccccccbbbWWWWWWWWWWWWWWWWWW
      2399 LVL:WbbbbbbDbbbbbWWWWWWWWWWWWWWWWWWW
      2415 LVL:WWWWWWWWWWWWWWWWWWWWWWWWWWWWWWbb
      2431 LVL:bbbbbbbbbbbbbbbbbbbbbbbb.bbbbbWW
      2447 LVL:WWWWWWWWWWWWWWWWWcWWWWWWWWWWWWWW
      2463 LVL:WccccccccccccWWWWWWWWWWWWWWWWWWW
      2479 LVL:WWWWWWWWWWWWWWWWWWWWWWWWWWWWWWbb
      2495 LVL:bb.bbbbbbbbbbbbbbbbbbbbbbbbbbbWW
      2511 LVL:cWWWWWWWWWWWWWWWWWWWWWWWWWWWWWWW
      2527 LVL:WWWWWWWWcWWWWWWWcWWWWWWWWcWWWWWW
      2543 LVL:WWWWWWWWWWWWWWWWWWWWWWWWWWWWWWbb
      2559 LVL:bbbbbbbbbbbbbbbbbbbbbbb.bbbbbbWW
      2575 LVL:WkWWWWWWWWWWWWWWWWWWWWWWWWWWWWWW
      2591 LVL:WWWWcWWWWWWWWWWWWWWWWWWWWWWWWWbb
      2607 LVL:bbbbbbbbbbbbbb.bbbbbbbbbbbbbbb..
      2623 LVL:................................
EXTRA 5

      2639 LVL:Xm DWD
      2641 END!