Caves and Scrolls level decompiler.(c)2024 Chris Busch

         0 STR:**TI85**
FOUND: 0 '**TI85**'

         8 HEX:1A 0C 00 
        11 STR:Machine code stored as a string.       ZS4
FOUND: 1 'Machine code stored as a string.       ZS4'

        53 HEX:1A 12 08 00 0E 12 0C 04 
        61 STR:wild
FOUND: 2 'wild'

FOUND COMMENT:'wild'

        65 HEX:0E 12 0C 12 00 FD 0C 
        72 STR:wild     LVL
FOUND: 3 'wild     LVL'

84 Will look for levelandnum at 106

$T="wild     LVL";ZShell name

        84 HEX:00 
        85 STR:*<
        87 HEX:8C 11 
        89 STR:X
        90 HEX:01 19 
        92 STR:"
        93 HEX:E2 80 
        95 STR:*<
        97 HEX:8C 11 08 02 19 
       102 STR:"
       103 HEX:DF 80 
       105 STR:>
8 ;suspected number of levels

       106 HEX:07 
       107 STR:2
       108 HEX:E1 80 
       110 STR:>
Finding random trees setting:1

       111 HEX:01 
       112 STR:2
       113 HEX:E4 80 
       115 STR:!
       116 HEX:00 00 
       118 STR:"y
       120 HEX:81 CD 09 8C 08 
       125 STR:!
       126 HEX:02 00 11 03 01 CD 0F 8C DE 00 CD BE 01 FE 00 
       141 STR:(
       142 HEX:F9 CD 0F 8C 85 00 DD 
       149 STR:*<
       151 HEX:8C 11 
       153 STR:,
       154 HEX:00 DD 19 DD 
       158 STR:n
       159 HEX:00 DD 
       161 STR:f
       162 HEX:01 ED 
       164 STR:[y
       166 HEX:81 CD 8E 00 D0 DD 
       172 STR:s
       173 HEX:00 DD 
       175 STR:r
       176 HEX:01 
       177 STR::k
       179 HEX:8A B7 
       181 STR:(
       182 HEX:10 
       183 STR:*<
       185 HEX:8C 11 
       187 STR:=
       188 HEX:01 19 11 
       191 STR:k
       192 HEX:8A EB 01 03 00 ED B0 
       199 STR:!@
       201 HEX:8C CB C6 C9 11 FA 00 
       208 STR:*<
       210 HEX:8C 19 
       212 STR:~<<G
FOUND: 4 '~<<G'

       216 HEX:11 83 80 
       219 STR:~
       220 HEX:12 13 
       222 STR:#
       223 HEX:10 FA D7 
       226 STR:8$*<
FOUND: 5 '8$*<'

       230 HEX:8C E5 
       232 STR:!
       233 HEX:05 00 19 
       236 STR:"<
       238 HEX:8C 11 0E 00 19 
       243 STR:~
       244 HEX:FE 
       245 STR:v(
       247 HEX:06 E1 
       249 STR:"<
       251 HEX:8C 18 0A CD 0F 8C 0E 00 E1 
       260 STR:"<
       262 HEX:8C C9 
       264 STR:!
       265 HEX:06 00 11 F3 00 CD 0F 8C DE 00 
       275 STR:!
       276 HEX:07 00 11 FB 00 CD 0F 8C DE 00 CD BE 01 FE 00 
       291 STR:(
       292 HEX:F9 C9 
       294 STR:"
       295 HEX:0C 80 
       297 STR:*<
       299 HEX:8C 19 CD 09 8C 0B C9 ED 
       307 STR:C
       308 HEX:0C 80 CD 09 8C 09 C9 
       315 STR:NEEDS:
FOUND: 6 'NEEDS:'

       321 HEX:00 07 
       323 STR:SENGINE
Scrolls level detected.

FOUND: 7 'SENGINE'

       330 HEX:00 
       331 STR:     Wild World                             Top player is you. SLVL4.0(C)1996 CBusch
Found '     Wild World                             Top player is you. SLVL4.0(C)1996 CBusch' at 414
$S="     Wild World      "  ;Story Title
$A="                     "  ;
$P="  Top player is "  ;high score line

FOUND: 8 '     Wild World                             Top player is you. SLVL4.0(C)1996 CBusch'

       415 HEX:00 
#.0  ;blank PIC 0
       416 BIN:........b 00h   0d
       417 BIN:........b 00h   0d
       418 BIN:........b 00h   0d
       419 BIN:........b 00h   0d
       420 BIN:........b 00h   0d
       421 BIN:........b 00h   0d
       422 BIN:........b 00h   0d
       423 BIN:........b 00h   0d

#P0  ;Player PIC 1
       424 BIN:..XXXX..b 3Ch  60d
       425 BIN:.X.XX.X.b 5Ah  90d
       426 BIN:..X..X..b 24h  36d
       427 BIN:X..XX...b 98h 152d
       428 BIN:XXXXXXXXb FFh 255d
       429 BIN:...XX..Xb 19h  25d
       430 BIN:..X..X..b 24h  36d
       431 BIN:.XX..XXXb 67h 103d

#M0  ;patrolling Monster PIC 2
       432 BIN:..X.X...b 28h  40d
       433 BIN:..XXX...b 38h  56d
       434 BIN:..XXX...b 38h  56d
       435 BIN:...X....b 10h  16d
       436 BIN:.XXXXX..b 7Ch 124d
       437 BIN:...X....b 10h  16d
       438 BIN:.XX.XX..b 6Ch 108d
       439 BIN:........b 00h   0d

#m0  ;seeker monster PIC 3
       440 BIN:......X.b 02h   2d
       441 BIN:..XXXX..b 3Ch  60d
       442 BIN:.X.XX.X.b 5Ah  90d
       443 BIN:..X..X..b 24h  36d
       444 BIN:...XX..Xb 19h  25d
       445 BIN:XXXXXXXXb FFh 255d
       446 BIN:...XX...b 18h  24d
       447 BIN:.XX..XX.b 66h 102d

#c0  ;coin PIC 4
       448 BIN:...X....b 10h  16d
       449 BIN:..XXX...b 38h  56d
       450 BIN:.X.X....b 50h  80d
       451 BIN:..XXX...b 38h  56d
       452 BIN:...X.X..b 14h  20d
       453 BIN:..XXX...b 38h  56d
       454 BIN:...X....b 10h  16d
       455 BIN:........b 00h   0d

#s0  ;scroll PIC 5
       456 BIN:.XXXXXX.b 7Eh 126d
       457 BIN:X.X....Xb A1h 161d
       458 BIN:..X.XX.Xb 2Dh  45d
       459 BIN:.X....X.b 42h  66d
       460 BIN:.X.XX.X.b 5Ah  90d
       461 BIN:X....X..b 84h 132d
       462 BIN:X....X.Xb 85h 133d
       463 BIN:.XXXXXX.b 7Eh 126d

#f0  ;fire PIC 6
       464 BIN:........b 00h   0d
       465 BIN:.X....X.b 42h  66d
       466 BIN:....X...b 08h   8d
       467 BIN:.X.X.X.Xb 55h  85d
       468 BIN:.X.XX..Xb 59h  89d
       469 BIN:..X.XXX.b 2Eh  46d
       470 BIN:..XXXX..b 3Ch  60d
       471 BIN:...XX...b 18h  24d

#F0  ;bomb PIC 7
       472 BIN:........b 00h   0d
       473 BIN:....X...b 08h   8d
       474 BIN:...X....b 10h  16d
       475 BIN:...XX...b 18h  24d
       476 BIN:..X.XX..b 2Ch  44d
       477 BIN:..XXXX..b 3Ch  60d
       478 BIN:...XX...b 18h  24d
       479 BIN:........b 00h   0d

#B0  ;bullet PIC 8
       480 BIN:........b 00h   0d
       481 BIN:........b 00h   0d
       482 BIN:...XX...b 18h  24d
       483 BIN:..X.XX..b 2Ch  44d
       484 BIN:..XXXX..b 3Ch  60d
       485 BIN:...XX...b 18h  24d
       486 BIN:........b 00h   0d
       487 BIN:........b 00h   0d

#S0  ;splat PIC 9
       488 BIN:........b 00h   0d
       489 BIN:...X....b 10h  16d
       490 BIN:....X.X.b 0Ah  10d
       491 BIN:..X.....b 20h  32d
       492 BIN:.....X..b 04h   4d
       493 BIN:.X....X.b 42h  66d
       494 BIN:...X.X..b 14h  20d
       495 BIN:........b 00h   0d

#t0  ;tree PIC 10
       496 BIN:........b 00h   0d
       497 BIN:...XXX..b 1Ch  28d
       498 BIN:..X.X.X.b 2Ah  42d
       499 BIN:.X.X.X.Xb 55h  85d
       500 BIN:..X.X.X.b 2Ah  42d
       501 BIN:...XXX..b 1Ch  28d
       502 BIN:...XX...b 18h  24d
       503 BIN:..XXXX..b 3Ch  60d

#b0  ;brick PIC 11
       504 BIN:.X...X..b 44h  68d
       505 BIN:XXXXXXXXb FFh 255d
       506 BIN:...X...Xb 11h  17d
       507 BIN:XXXXXXXXb FFh 255d
       508 BIN:.X...X..b 44h  68d
       509 BIN:XXXXXXXXb FFh 255d
       510 BIN:...X...Xb 11h  17d
       511 BIN:XXXXXXXXb FFh 255d

#D0  ;door PIC 12
       512 BIN:..XXXX..b 3Ch  60d
       513 BIN:XX....XXb C3h 195d
       514 BIN:X......Xb 81h 129d
       515 BIN:X...XX.Xb 8Dh 141d
       516 BIN:X...XX.Xb 8Dh 141d
       517 BIN:X......Xb 81h 129d
       518 BIN:X......Xb 81h 129d
       519 BIN:XXXXXXXXb FFh 255d

#k0  ;key PIC 13
       520 BIN:........b 00h   0d
       521 BIN:..XXX...b 38h  56d
       522 BIN:.X...X..b 44h  68d
       523 BIN:..XXX...b 38h  56d
       524 BIN:...X....b 10h  16d
       525 BIN:...XX...b 18h  24d
       526 BIN:...X....b 10h  16d
       527 BIN:...XX...b 18h  24d

#.1  ;blank PIC 14
       528 BIN:........b 00h   0d
       529 BIN:........b 00h   0d
       530 BIN:........b 00h   0d
       531 BIN:........b 00h   0d
       532 BIN:........b 00h   0d
       533 BIN:........b 00h   0d
       534 BIN:........b 00h   0d
       535 BIN:........b 00h   0d

#P1  ;Player PIC 15
       536 BIN:..XXXX..b 3Ch  60d
       537 BIN:.X.XX.X.b 5Ah  90d
       538 BIN:..X..X..b 24h  36d
       539 BIN:...XX..Xb 19h  25d
       540 BIN:XXXXXXXXb FFh 255d
       541 BIN:X..XX...b 98h 152d
       542 BIN:..X..X..b 24h  36d
       543 BIN:XXX..XX.b E6h 230d

#M1  ;patrolling Monster PIC 16
       544 BIN:........b 00h   0d
       545 BIN:..X.X...b 28h  40d
       546 BIN:..XXX...b 38h  56d
       547 BIN:..XXX...b 38h  56d
       548 BIN:...X....b 10h  16d
       549 BIN:.XXXXX..b 7Ch 124d
       550 BIN:...X....b 10h  16d
       551 BIN:.XX.XX..b 6Ch 108d

#m1  ;seeker monster PIC 17
       552 BIN:.X......b 40h  64d
       553 BIN:..XXXX..b 3Ch  60d
       554 BIN:.X.XX.X.b 5Ah  90d
       555 BIN:..X..X..b 24h  36d
       556 BIN:X..XX...b 98h 152d
       557 BIN:XXXXXXXXb FFh 255d
       558 BIN:...XX...b 18h  24d
       559 BIN:.XX..XXXb 67h 103d

#c1  ;coin PIC 18
       560 BIN:.......Xb 01h   1d
       561 BIN:..XXX.X.b 3Ah  58d
       562 BIN:.X.X.X..b 54h  84d
       563 BIN:X.X.X.X.b AAh 170d
       564 BIN:.X.X.X..b 54h  84d
       565 BIN:..X.X...b 28h  40d
       566 BIN:...X....b 10h  16d
       567 BIN:........b 00h   0d

#s1  ;scroll PIC 19
       568 BIN:.XXXXXX.b 7Eh 126d
       569 BIN:X.X....Xb A1h 161d
       570 BIN:..X....Xb 21h  33d
       571 BIN:.X.XX.X.b 5Ah  90d
       572 BIN:.X....X.b 42h  66d
       573 BIN:X.XX.X..b B4h 180d
       574 BIN:X....X.Xb 85h 133d
       575 BIN:.XXXXXX.b 7Eh 126d

#f1  ;fire PIC 20
       576 BIN:........b 00h   0d
       577 BIN:...X....b 10h  16d
       578 BIN:..X..X.Xb 25h  37d
       579 BIN:X..X.X..b 94h 148d
       580 BIN:.X.XX.XXb 5Bh  91d
       581 BIN:.XX.X.X.b 6Ah 106d
       582 BIN:..XX.X..b 34h  52d
       583 BIN:...XXX..b 1Ch  28d

#F1  ;bomb PIC 21
       584 BIN:....X...b 08h   8d
       585 BIN:...X....b 10h  16d
       586 BIN:....X...b 08h   8d
       587 BIN:...XX...b 18h  24d
       588 BIN:..X.XX..b 2Ch  44d
       589 BIN:..XXXX..b 3Ch  60d
       590 BIN:...XX...b 18h  24d
       591 BIN:........b 00h   0d

LEVEL 1

       592 LVL:Xtttt........................ttt
       608 LVL:tttttt.................t......tt
       624 LVL:tttttttt...t.................ttt
       640 LVL:ttttttt...............k.........
       656 LVL:........................t..t....
       672 LVL:................................
       688 LVL:...t.......t....................
       704 LVL:................................
       720 LVL:.................c..............
       736 LVL:................................
       752 LVL:..................WWWWWWWWbbbbbb
       768 LVL:bWWWWWWWWWWWWWWWb.b..cb...b.F..c
       784 LVL:bcc...b..c..btc.b.b.b.b.b.b.bcbb
       800 LVL:b.bbbcbbb.bcbbb.D.b.b.....b.b.bt
       816 LVL:b.b.c..c..b.b..cb.b.b.bcbbbsb.b.
       832 LVL:bbbbb.bbbbb.b.bbb.bFb.b...b.b...
       848 LVL:.....c.cb...b.F.b.bbb.bbb.bbb.bb
       864 LVL:b.b.b.b.bbb.bbb.b.b.....b.c.b.c.
       880 LVL:bDb.b...b...c.c.bcbbb.b.bbbbb.bS
       896 LVL:b.bcbbbbb.b.b..bb.bfb.b.bc..b.b.
       912 LVL:b..Fb.b.c.b.b.b.b.b.bDbbb.cbbbb.
       928 LVL:bcbb..bcbbb.bbb.bcb.bc..c.b...b.
       944 LVL:b...b.bcb...b..cb.bcbbbbbcb.bbb.
       960 LVL:bbb.bcb..bbcbcbbb.b.c........cb.
       976 LVL:b..t..b.b.S....cb.bbbbbbbbbbbbbb
       992 LVL:bbbbbbbbbbbbbbbbbft...k.c....c..
      1008 LVL:....F..c........................
      1024 LVL:................................
      1040 LVL:....t..........................t
      1056 LVL:.........................k....tt
      1072 LVL:tttttt...t....................tt
      1088 LVL:tttttt......................tttt
LEVEL 2

      1104 LVL:X..bbbbbbbbbbbbbbbbbbbbbbbbbbb.b
      1120 LVL:.bk.....c...cb.c.b.cFb.b...b.b.b
      1136 LVL:cbbbbb.bbb.bbb.bbb.b.b.b.bbb.bcb
      1152 LVL:c..c.b.b.b..c.c...cb.b..c....bcb
      1168 LVL:.bbb.bbb.b.bbb.bcb.bb.bbcbbb.b.b
      1184 LVL:.b.bF..b...b.c.b.bcbc..b...b.bDb
      1200 LVL:bb.b.bsb.bbb.bbbbbbbbb.b.bbb.b.b
      1216 LVL:c.c..b...b...b...c.b..cbc...Sb.b
      1232 LVL:cbbb.bbbbbcbbb...b.bbbcb.b.bbb.b
      1248 LVL:.b.c.c.b.c.......b.b..cbc....b.b
      1264 LVL:bbbbbbDb.b.......bbbbb.bbb.bbb.b
      1280 LVL:.b.bc..bcb...cc..b.b.....b...b.b
      1296 LVL:.b.bbbbb.b.......b.bbbcbcbbb.b.b
      1312 LVL:cbcb.c.b.b......cc.c..tbFF...b.b
      1328 LVL:.b.b.b.b.bDbc....b.bbbcbbb.b.b.b
      1344 LVL:.bc....bcbcb.....b...b.b.b.b.b.b
      1360 LVL:.b.bbbbb.b.bbbbbbb.bbbcb.bbccb.b
      1376 LVL:c.c..bD.c..b...b...b.bc..b.b.b.b
      1392 LVL:.bbbcbbb.bbbbb.bbb.b.b.b.b.bSb.b
      1408 LVL:.b.b...b.b....c..b.....b...b.b.b
      1424 LVL:bb.bbbkbcbbbbbcb.bbbbbFbbb.bbb.b
      1440 LVL:.......cc.....cb..cbcbc..bcb.bcb
      1456 LVL:bb.b.b.bbbbb.bkb.bbb.b.bbbbb.b.b
      1472 LVL:.b.b...b..c.cbcb.F.c.c....Sc.b.b
      1488 LVL:.b.bbbbbbb.bbbbbcb.bbb.b.bfbbb.b
      1504 LVL:.c.b.....c...b..cbcb...bcb.b.b.b
      1520 LVL:.bbbbb.b.bbbbbbbbb.bbbbb.bb..b.b
      1536 LVL:.b.c...bc..c..cb.cc..b...c...b.b
      1552 LVL:bbbb.bbbbbbbbbbbbb.bbbbtbb.bbb.b
      1568 LVL:.........c.b.c...c.b....c..c.b.b
      1584 LVL:bbbbbbbbbbbbbbbbbbbbbbbbtbbbbb..
      1600 LVL:.t.....kc...c....c..f....cc.c...
LEVEL 3

      1616 LVL:Xb.b..f....b.b...b....scfb.b...b
      1632 LVL:.b.bbb.bbb.bDbc.bb.....b..bb.b.b
      1648 LVL:.b.cck.b..c.c....b.....b..c.cbcb
      1664 LVL:.bbbbbbbbbbbbbbbbbbbbbbbbbbbbbbb
      1680 LVL:..c....c..c..c.c.......c......c.
      1696 LVL:....cbbbbbbbbbbbbbbbbbbbbbbbbbbb
      1712 LVL:fb.bcc.....c...c.bc....c.....b.b
      1728 LVL:cb.bbbcbbb.bbb.bbb.bbbbbbbbb.b.b
      1744 LVL:cbfb.b..cb...b.b.b.b.....c...b.b
      1760 LVL:.b.b.b.bbbbbbbcbSb.bbb.b.bbbbbcb
      1776 LVL:...b...b.b....c.Fbcb.b.b..c....b
      1792 LVL:...b.bcb.bbbbbbbcb.b.b.bbb.b.bkb
      1808 LVL:.bc.cb.bcc.b.bcb.....b.bcb.b.b.b
      1824 LVL:.b.bbb.b.bbbctcb.bkbbbcbcb.bcb.b
      1840 LVL:.bc..b.b.D...bcb.b..cb..Sb.b.b.b
      1856 LVL:.b.bbbbbbbbb.b.b.bbbbbcb.bbbcbbb
      1872 LVL:cb.b...b.bcbc.cccb.....bc..b...b
      1888 LVL:cb.b.bbb.b.bbb.bbbcbbb.bFb...bbb
      1904 LVL:.b.c.k...b.b.b..tb.b..cb.b.b...b
      1920 LVL:.bcb.bbb.bcb.bcb.bbbcbbbbb.b.bbb
      1936 LVL:.b.b...b.b.c..Fb.....b...b.b.ccb
      1952 LVL:.b.bbbbbbbbbbbcbbbbb.b.bbbbbbbcb
      1968 LVL:.b.b.b.c.........b..t....c.c.b.b
      1984 LVL:.b.b.bbbbbcbbb.bbb.bbbbbcbbbbbbb
      2000 LVL:.bc.....cb...b.b...D..cbcb...S.b
      2016 LVL:.bbb.b.bbb.b.b.bcbbbtbbb.b.bbbbb
      2032 LVL:.b.c.b.b...b...b.c.b.bc........b
      2048 LVL:cbcb.bbbbbbb.bbbbbbb.bbb.bbb.bbb
      2064 LVL:.bcbcb.bc.cb.b.c.c....cbc..b.b.b
      2080 LVL:.bbbbb.bcbbb.bbb.b....cbbbbb.b.b
      2096 LVL:.b.b.S.b..Dt.b.b.bccc...c.cb.b.b
      2112 LVL:.b.bbbcbcbbbbb.b.b.....bbb.bbbSb
LEVEL 4

      2128 LVL:Xb.b.bbbbbbbbbbbbbbbbbbbbbbbbbb.
      2144 LVL:bb..c...c......c...cc..c.c......
      2160 LVL:..c..cc.b.bbbbbbbbbbbbbbbbbbbbbb
      2176 LVL:bb.b...b...b.b.b.....bc....b.bc.
      2192 LVL:.b.bbb.b.bbb.b.bbbcbbbbbbb.b.b.b
      2208 LVL:bb.b.b...b.bcDcb..c..b.b.b..t.cc
      2224 LVL:.b.bFb.bbb.bbb.bbb.bkb.b.b.bfbcb
      2240 LVL:.b.b...b.b.....b...b.......b.bcb
      2256 LVL:.b.b.bbb.b.b.b.bbb.b.b.bbbcbcb.b
      2272 LVL:bbcb.cc.cc..fbcb.c.b.b.btb.b.b..
      2288 LVL:.b.b.bcbbbbbbb.bbbbbb.bbfbbbbbcb
      2304 LVL:bb.b.b.b...b.bk..cc..b.b..cccb..
      2320 LVL:.b.b.bbb.bcb.bbbbb.bbb.b.bbb.b.b
      2336 LVL:bb.b...b.b.b.....b.D.ctbc.cb.b..
      2352 LVL:cbtbbbbb.bbb.bbb.b.b.b...bbbbbcb
      2368 LVL:.b.b.b..c..k.b.b...bDb.b.b.c...b
      2384 LVL:cb.bcb.b.bbbbb.bbbbbcb.b.bbbbb.b
      2400 LVL:.b.b..fb.c......cb..Sb..c..b...b
      2416 LVL:.bcb.bbb.bbbcbbbbb.bbbbbbb.bbb.b
      2432 LVL:bbkb.b.D..Sbcb.b...b.b.b.....bfc
      2448 LVL:.b.bbbbb.bbb.b.b.bbbcbcb.bbb.bbb
      2464 LVL:.b.........b....c..b.....b.....c
      2480 LVL:cb.bbbtbbb.bbbbbbb.bbbbbbb.bbbbb
      2496 LVL:cb.b...b.b.....b...b.....b...b.b
      2512 LVL:cb.bsb.b.bbbbbbbbbbb.bbbcb.b.bcb
      2528 LVL:.b.b.b...b..cbSc.b...b...c.b...b
      2544 LVL:.b.b.b.b.bbb.bbb.b.bbbbbbb.b.bbb
      2560 LVL:bb.b.b.b.b...c...b.tc..b...b.bc.
      2576 LVL:.b.b.b.b.bbbbbbb.bbbbb.b.bbbcbbb
      2592 LVL:.b.b.b.b.c...b.........b.b....cb
      2608 LVL:Fb.b.b.bbb.b.bbbbbbbbb.bbb.bbb.b
      2624 LVL:.b.b.b...b.bcbc......c..Fb.....t
LEVEL 5

      2640 LVL:X......bcb.bbbbbbbbbbbbbbbbbbbbb
      2656 LVL:bbbbbb.bbb....c...c..........c.c
      2672 LVL:...c...........bbbbbbbbbbbbbbbbb
      2688 LVL:bbbbbbbbbb.b....cb..cb.b.bccc..b
      2704 LVL:.bcb.b.D.b.b.bbbbbbb.b.b.b.bbbbb
      2720 LVL:.b.b.b.bbb.b...bck.b.c.b...c.t.b
      2736 LVL:.b...bcbcb.bbb.bbb.bbb.b.bbb.b.b
      2752 LVL:.b.b.b.b.b.b.bc.k..fcc.b.b...b..
      2768 LVL:..cbcc...b.b.b.bbbbb.bfbbbcb.bbb
      2784 LVL:bbbbbb.b.b.bcb...bF.cb...b.b.b.b
      2800 LVL:.b.....b.bSbcb.bbbbbbbbbbbbb.b.b
      2816 LVL:.bbbbbbb.b.bcb...c...D...b...bc.
      2832 LVL:.bc....b.b.b.bbbbb.b.bbbbb.bbbbb
      2848 LVL:cb.bbb.b.b.b.b.bc..b.....b..tb.c
      2864 LVL:.b.b.S.b.b.b.b.bbb.bbbbbbb.bcbbb
      2880 LVL:.bbbcbbbbb.bcc.b..cb.b.b.b.b...b
      2896 LVL:.b....c.Fbcbbbcb.bbb.bDbcb.bbb.b
      2912 LVL:cbbbbbbb.b.bc....cfb......cc.b.k
      2928 LVL:..cb.....c.bbbbb.bbb.bbbbbbbbbbb
      2944 LVL:bbbb.b.bbbcb.b....c.c..c.b.....b
      2960 LVL:...c.bc..b.bcb.bbbbbbbbb.b.b.b.b
      2976 LVL:.bbbbbbbbb.b.c.b.bc...c.k.cbcbFt
      2992 LVL:....cb...bcbbbbb.b.bcbbb.bbb.bbb
      3008 LVL:b.bb.bbbfb.b...........b.b..cb.b
      3024 LVL:.......bFb.bbbcb.bbbbbbb.bcbbbcb
      3040 LVL:.bbb.b.b.b.bffcb..Fb.....b.b...c
      3056 LVL:cb...cc.cb.btbbb.bbb.bbb.bcbbbbb
      3072 LVL:.bbb.bsbbb.b...b..c....bcb.b...b
      3088 LVL:c.Db.b.c.b.b.bbbSbFbbb.bbbbbbb.b
      3104 LVL:bbbb.bbbcb.b.....b.b...c....cb..
      3120 LVL:..cb...b.b.b.bbb.bbb.b.bcb.b.b.b
      3136 LVL:bbbb.bbb.b.bc.fb.b...b.b.bcbcc.b
LEVEL 6

      3152 LVL:X...bbbbb.bbbbbbbbbbbbbbbbbbbbb.
      3168 LVL:b.....c.b...b.c.bc..b...b.b.F.b.
      3184 LVL:bcb.b.b.b.bbb.bbb.bbb.bbb.b.b.bc
      3200 LVL:bSbkb.b...b.b.b...t.b.c.bc..b.bc
      3216 LVL:bbbbbbb.bbb.b.bbb.b.bcbbb.bbb.b.
      3232 LVL:b..t..bS..b.....b.b...b...bc..b.
      3248 LVL:bbb.bbbbb.bbb.b.b.b.bbb.b.bbbbb.
      3264 LVL:b.c..c..b.....b..cccb...bc..b.b.
      3280 LVL:bbbbbbb.b.bcbb.bb.bbbbb.bbbbb.b.
      3296 LVL:b........cb...b.b.c...b...b..cb.
      3312 LVL:b.bbbbbbbbbbb.bDbbbbbbb.bbbbb.b.
      3328 LVL:b...cF.cb...........b...D.c.F.b.
      3344 LVL:b.b..cbbbbbbbbbb.bb.bbbFbbbbbcb.
      3360 LVL:b.b.b.bc.cb...c...b.b..Fbcbcb.b.
      3376 LVL:b.bbb.b.b.bbbbbbb.bbb.bbb.bcbcbc
      3392 LVL:b.b.....bc....bct.....b.c.b.bcb.
      3408 LVL:b.bbbbb.bbbbbbbbbbb.bbbbbcbfcbb.
      3424 LVL:b.b.b.......c.b........c..bcb.bc
      3440 LVL:bbb.b.b.bcbbb.b.b.bcbbbbbb..b.b.
      3456 LVL:b...c.b.b.b.....b.bcbcb.b.t..cb.
      3472 LVL:b.bbbbb.bDbbb.bcbbbbbcbDb.bbbbb.
      3488 LVL:b.b.b.b.b...b.b..cb.b...bc..F.b.
      3504 LVL:bkb.btbbbbb.bbbcbbb.b.bbbb..bbb.
      3520 LVL:b.c.......bcc.s..c....b.....tcb.
      3536 LVL:bbb.bbbbbbbcb.bcbbbbb.bbbbb.bbbc
      3552 LVL:b.......b...bcbcb.b.b.b.b.b...bc
      3568 LVL:bbb.bbb.b.bbbbbcb.b.b.b.b.bcbbb.
      3584 LVL:b.bcb..cb...b.bcb.....b.S...c.b.
      3600 LVL:b.bbbbb.b.bcbcb.bbbbfbb.bbb.b.bc
      3616 LVL:bc......bcb..cb...c..cc.b...b.b.
      3632 LVL:bbbbbbbbbbbbbbbbbbbbbbbbbbbbbbbc
      3648 LVL:.c.c..fc......k..ktc.....c..S..c
LEVEL 7

      3664 LVL:X..b...b.b.b.bc..b.b...c.b.c.b.b
      3680 LVL:.b.bcbbb.b.b.b.bbb.bcbbbDb.b.b.b
      3696 LVL:.b.b...c..cb..ck.b.c...b...b.b.c
      3712 LVL:.bcbbbbb.bbb.b.bbb.bbb.bbbbb.b.b
      3728 LVL:.bcbcc.b.b.....c...b..cb...b...b
      3744 LVL:.b.bbb.bcb..bbbbbbbbbb.b.bbb.bbb
      3760 LVL:bb.b.b...b.b....D..bc.Sc.b...b..
      3776 LVL:.b.b.bbb.b.bkbbbbbbbbb.bbbbbbbbb
      3792 LVL:.b.b...D.b.cc.cb.ccc.b.b.....b..
      3808 LVL:cb.bbbbb.bbb.b.bbbcb.b.b.bbbcbbb
      3824 LVL:.b.bc.t..c...b...bkb.b..c......b
      3840 LVL:.b.bFbbbbbbbbbbb.b.bbbbbbb.bbbbb
      3856 LVL:.b.b.c..cb.c.b.b..Sc...b...c.b.b
      3872 LVL:.bSb.bfb.b.bbb.bbbcbbbbb.bbb.b.b
      3888 LVL:.b.b.b.b.b..Fb...b.....b.b..c...
      3904 LVL:.b.b.bbbbb.bbb.bbb.b.bbbbb.bbb.b
      3920 LVL:bbcb.........b.....bcb.....b.bcb
      3936 LVL:.b.bcbbbbb.bbbbb.b.b.bbb.bbb.bbb
      3952 LVL:.b.b..cb...b..c..b.b.b.b.b......
      3968 LVL:.b.b.b.bbbbbbb.b.bbb.b.bbbbb.bbb
      3984 LVL:cb.b.b.b..cb...b.bfbc....b.....b
      4000 LVL:.b.bsbbb.b.bbb.b.b.bbbbbbbbb.bbb
      4016 LVL:bb.b.bcc.b..S..b.b...b....fb.c..
      4032 LVL:.b.bbbbbbb.bbbbbbb.b.bbb.b.bbb.b
      4048 LVL:cbcb.c.c.c...S.c.b.b..c..b.b...b
      4064 LVL:.b.bbbbbbbbbDb.b.bbb.b.bbbbbbbbb
      4080 LVL:.b.b.b...b...b.b...b.b..FSc.....
      4096 LVL:.bcb.b.b.b.bcbbbbbcb.bbb.bbb.bbb
      4112 LVL:.b.b.c.b...b...b..c..b..k..b...b
      4128 LVL:.b.bbbb.bbbbbbbbbbbbbbbbbbbbbb.b
      4144 LVL:bbc.......c........c.......cc.cc
      4160 LVL:.......bbbbbbbbbbb.bbbbbbbbbbbbb
LEVEL 8

      4176 LVL:Xc...b.bcbcbbb...bbb.bbbbb.bcbcb
      4192 LVL:.bbb.b.b.b...b.c......Db...b...b
      4208 LVL:.c.f..cb.bbbbbbbbbbbbbbbbbbbbbbb
      4224 LVL:b.bbbbbb.c.....cccc....kc....S.c
      4240 LVL:...c.........bbbbbbbbbbbbbbbbbbb
      4256 LVL:bbbbbbbbkbcS.b...b.b...b..cb..cf
      4272 LVL:..c..S.b.bbb.bbb.b.b.b.b.bbbbbbb
      4288 LVL:bbbbbb.b.b...b...cF.cb.b.c.bc...
      4304 LVL:c...cccb.bbbcb.b.bbbbb.bcbbbbb.b
      4320 LVL:bbbb.bbb.b.bcb.b...bcb.bcbc...cb
      4336 LVL:..c..b.b.b.bcb.bcbbbcbbb.bDbbbbb
      4352 LVL:.b.bcbcb.b.............b...b.bc.
      4368 LVL:.b.bc..b.WWb.bbb.bbb.bcb.bbb.b..
      4384 LVL:bbbb.b.b.b...b.b.b...b.b.b.b.F.b
      4400 LVL:.bcb.bSb.b.bbb.b.b.b.bcb...bbbbb
      4416 LVL:.bcbcb.bcbSc.b.b.b.bFb...b.b...b
      4432 LVL:.b.t.b.b.bbbb..bbbcb.bbbbb.bbb.b
      4448 LVL:.b.b.b.b.b...b.b.b.bcb.bcD...bcb
      4464 LVL:.bDb.b.b.bbb.b.b.b.b.b.b.bbbbb.b
      4480 LVL:.bbb.b.b.b.......b.b.b...c...b..
      4496 LVL:.bc..b.b.b.bbbbbcbbbbbcbbb.bbb.b
      4512 LVL:.bbb.bcb.b.b...b..c....bt.f..b.b
      4528 LVL:.bc..b.b.bbbbbcb.bbbbb.bbbbbbb.b
      4544 LVL:bb.bbbbb.b.b.b..cb...bkb..s.k...
      4560 LVL:..t..b.b.b.b.bFbbbbbcb.b.bbbbbbb
      4576 LVL:bbcb.b.b.bcc...b.bf.f.c.S....b..
      4592 LVL:c..b...bcb.bbbbbcbbbbbbbbbcbbb.b
      4608 LVL:.bcb.b.b.b...bc..bccc..b.bc....b
      4624 LVL:.b.bcbcb.bbbbb.bbb.bbb.bcbbbbbcb
      4640 LVL:.bbbbbbb.b....c..ccbcb.b.b.ccc.b
      4656 LVL:c......b.b.bcbbb.bbbcb.b.bbbbbcb
      4672 LVL:bb.bbbbbcb...b.b.b...b.c.....b.b
EXTRA 9

      4688 LVL:Xb Scc
      4690 END!