Modules list:
-------------
loadaddr.o:
    LOADADDR          Offs=000000  Size=000002  Align=00001  Fill=0000
exehdr.o:
    EXEHDR            Offs=000000  Size=00000C  Align=00001  Fill=0000
startup.o:
    CODE              Offs=000000  Size=00000B  Align=00001  Fill=0000
main.o:
    CODE              Offs=00000B  Size=000196  Align=00001  Fill=0000
    BSS               Offs=000000  Size=000002  Align=00001  Fill=0000
    CODE2             Offs=000000  Size=000063  Align=00001  Fill=0000
    CODE3             Offs=000000  Size=00005B  Align=00001  Fill=0000
gfx.o:
    CODE              Offs=0001A1  Size=000101  Align=00001  Fill=0000
    RODATA            Offs=000000  Size=000019  Align=00001  Fill=0000
    ZEROPAGE          Offs=000000  Size=000007  Align=00001  Fill=0000
    TILES             Offs=000000  Size=000038  Align=00001  Fill=0000
map.o:
    CODE              Offs=0002A2  Size=000033  Align=00001  Fill=0000
    BSS               Offs=000002  Size=000001  Align=00001  Fill=0000
    PLAYFIELD         Offs=000000  Size=000080  Align=00001  Fill=0000
level.o:
    CODE              Offs=0002D5  Size=0000CA  Align=00001  Fill=0000
    RODATA            Offs=000019  Size=000006  Align=00001  Fill=0000
    BSS               Offs=000003  Size=000011  Align=00001  Fill=0000
    ZEROPAGE          Offs=000007  Size=000002  Align=00001  Fill=0000
    MAPS              Offs=000000  Size=000200  Align=00001  Fill=0000
input.o:
    CODE              Offs=00039F  Size=0000BA  Align=00001  Fill=0000
    BSS               Offs=000014  Size=000001  Align=00001  Fill=0000
player.o:
    CODE              Offs=000459  Size=000363  Align=00001  Fill=0000
    BSS               Offs=000015  Size=000015  Align=00001  Fill=0000
    CODE2             Offs=000063  Size=000086  Align=00001  Fill=0000
    CODE4             Offs=000000  Size=000007  Align=00001  Fill=0000
    CODE3             Offs=00005B  Size=000009  Align=00001  Fill=0000
sound.o:
    CODE              Offs=0007BC  Size=000014  Align=00001  Fill=0000
    ZEROPAGE          Offs=000009  Size=000001  Align=00001  Fill=0000
    SFXCODE           Offs=000000  Size=00002F  Align=00001  Fill=0000
    CODE2             Offs=0000E9  Size=000017  Align=00001  Fill=0000


Segment list:
-------------
Name                   Start     End    Size  Align
----------------------------------------------------
ZEROPAGE              000002  00000B  00000A  00001
PLAYFIELD             00033C  0003BB  000080  00001
LOADADDR              000FFF  001000  000002  00001
EXEHDR                001001  00100C  00000C  00001
CODE                  00100D  0017DC  0007D0  00001
RODATA                0017DD  0017FB  00001F  00001
CODE2                 001A00  001AFF  000100  00001
TILES                 001B00  001B37  000038  00001
BSS                   001B38  001B61  00002A  00001
CODE4                 001B62  001B68  000007  00001
CODE3                 001B6A  001BCD  000064  00001
SFXCODE               001BD0  001BFE  00002F  00001
MAPS                  001C00  001DFF  000200  00001


Exports list by name:
---------------------
__LOADADDR__              000001 REA    blit_playfield            001236 RLA    
clear_screen              001208 RLA    coinsleft                 001B42 RLA    
draw_hud                  00121E RLA    game_over_flag            001B59 RLA    
health                    001B3E RLA    hiscore                   001B3F RLA    
inc_score                 0014D5 RLA    init_graphics             0011AE RLA    
init_sprites              001466 RLA    input_bits                001B4C RLA    
level                     001B3B RLA    load_level                0012E2 RLA    
main                      001018 RLA    map_clear                 0012AF RLA    
map_get                   0012D0 RLA    map_set                   0012BC RLA    
monster_sx                001B46 RLA    monster_sy                001B47 RLA    
next_level_flag           001B5A RLA    play_audio_frame          001BF3 RLA    
play_coin                 001BD0 RLA    play_hurt                 001AE9 RLA    
play_kill                 001BDF RLA    player_sx                 001B44 RLA    
player_sy                 001B45 RLA    playfield                 00033C RLA    
randvar                   001B43 RLA    read_input                0013AC RLA    
score                     001B3C RLA    score_tick                001B41 RLA    
silence_vic               0017C9 RLA    try_spawn                 00149F RLA    
update_bullet             0016DE RLA    update_monsters           001639 RLA    
update_player             001565 RLA    wait_vrefresh             0011FD RLA    



Exports list by value:
----------------------
__LOADADDR__              000001 REA    playfield                 00033C RLA    
main                      001018 RLA    init_graphics             0011AE RLA    
wait_vrefresh             0011FD RLA    clear_screen              001208 RLA    
draw_hud                  00121E RLA    blit_playfield            001236 RLA    
map_clear                 0012AF RLA    map_set                   0012BC RLA    
map_get                   0012D0 RLA    load_level                0012E2 RLA    
read_input                0013AC RLA    init_sprites              001466 RLA    
try_spawn                 00149F RLA    inc_score                 0014D5 RLA    
update_player             001565 RLA    update_monsters           001639 RLA    
update_bullet             0016DE RLA    silence_vic               0017C9 RLA    
play_hurt                 001AE9 RLA    level                     001B3B RLA    
score                     001B3C RLA    health                    001B3E RLA    
hiscore                   001B3F RLA    score_tick                001B41 RLA    
coinsleft                 001B42 RLA    randvar                   001B43 RLA    
player_sx                 001B44 RLA    player_sy                 001B45 RLA    
monster_sx                001B46 RLA    monster_sy                001B47 RLA    
input_bits                001B4C RLA    game_over_flag            001B59 RLA    
next_level_flag           001B5A RLA    play_coin                 001BD0 RLA    
play_kill                 001BDF RLA    play_audio_frame          001BF3 RLA    



Imports list:
-------------
__LOADADDR__ (loadaddr.o):
    [linker generated]        C:\Users\xyzzy\ti85\vic20crunch\vic20-crunch.cfg:15
blit_playfield (gfx.o):
    main.o                    src\main.s:7
clear_screen (gfx.o):
    main.o                    src\main.s:8
coinsleft (level.o):
    player.o                  src\player.s:30
draw_hud (gfx.o):
    main.o                    src\main.s:9
game_over_flag (player.o):
    main.o                    src\main.s:25
health (level.o):
    player.o                  src\player.s:29
    main.o                    src\main.s:23
hiscore (level.o):
    main.o                    src\main.s:24
inc_score (player.o):
    main.o                    src\main.s:28
init_graphics (gfx.o):
    main.o                    src\main.s:5
init_sprites (player.o):
    main.o                    src\main.s:11
input_bits (input.o):
    player.o                  src\player.s:19
    main.o                    src\main.s:19
level (level.o):
    player.o                  src\player.s:26
    main.o                    src\main.s:20
load_level (level.o):
    main.o                    src\main.s:10
main (main.o):
    startup.o                 src\startup.s:5
map_clear (map.o):
    level.o                   src\level.s:18
map_get (map.o):
    player.o                  src\player.s:20
map_set (map.o):
    player.o                  src\player.s:21
monster_sx (level.o):
    player.o                  src\player.s:24
monster_sy (level.o):
    player.o                  src\player.s:25
next_level_flag (player.o):
    main.o                    src\main.s:26
play_audio_frame (sound.o):
    main.o                    src\main.s:17
play_coin (sound.o):
    player.o                  src\player.s:32
play_hurt (sound.o):
    player.o                  src\player.s:34
play_kill (sound.o):
    player.o                  src\player.s:33
player_sx (level.o):
    player.o                  src\player.s:22
player_sy (level.o):
    player.o                  src\player.s:23
playfield (map.o):
    level.o                   src\level.s:19
    gfx.o                     src\gfx.s:11
randvar (level.o):
    player.o                  src\player.s:31
    main.o                    src\main.s:27
read_input (input.o):
    player.o                  src\player.s:18
score (level.o):
    player.o                  src\player.s:27
    main.o                    src\main.s:21
score_tick (level.o):
    player.o                  src\player.s:28
    main.o                    src\main.s:22
silence_vic (sound.o):
    main.o                    src\main.s:16
try_spawn (player.o):
    main.o                    src\main.s:12
update_bullet (player.o):
    main.o                    src\main.s:15
update_monsters (player.o):
    main.o                    src\main.s:14
update_player (player.o):
    main.o                    src\main.s:13
wait_vrefresh (gfx.o):
    main.o                    src\main.s:6

